Archive member included to satisfy reference by file (symbol)

C:/ST/STM32CubeIDE_2.0.0/STM32CubeIDE/plugins/com.st.stm32cube.ide.mcu.externaltools.gnu-tools-for-stm32.13.3.rel1.win32_1.0.100.202509120712/tools/bin/../lib/gcc/arm-none-eabi/13.3.1/../../../../arm-none-eabi/lib/thumb/v6-m/nofp\libc_nano.a(libc_a-calloc.o)
                              ./Core/CANopenNode/CANopen.o (calloc)
C:/ST/STM32CubeIDE_2.0.0/STM32CubeIDE/plugins/com.st.stm32cube.ide.mcu.externaltools.gnu-tools-for-stm32.13.3.rel1.win32_1.0.100.202509120712/tools/bin/../lib/gcc/arm-none-eabi/13.3.1/../../../../arm-none-eabi/lib/thumb/v6-m/nofp\libc_nano.a(libc_a-callocr.o)
                              C:/ST/STM32CubeIDE_2.0.0/STM32CubeIDE/plugins/com.st.stm32cube.ide.mcu.externaltools.gnu-tools-for-stm32.13.3.rel1.win32_1.0.100.202509120712/tools/bin/../lib/gcc/arm-none-eabi/13.3.1/../../../../arm-none-eabi/lib/thumb/v6-m/nofp\libc_nano.a(libc_a-calloc.o) (_calloc_r)
C:/ST/STM32CubeIDE_2.0.0/STM32CubeIDE/plugins/com.st.stm32cube.ide.mcu.externaltools.gnu-tools-for-stm32.13.3.rel1.win32_1.0.100.202509120712/tools/bin/../lib/gcc/arm-none-eabi/13.3.1/../../../../arm-none-eabi/lib/thumb/v6-m/nofp\libc_nano.a(libc_a-exit.o)
                              C:/ST/STM32CubeIDE_2.0.0/STM32CubeIDE/plugins/com.st.stm32cube.ide.mcu.externaltools.gnu-tools-for-stm32.13.3.rel1.win32_1.0.100.202509120712/tools/bin/../lib/gcc/arm-none-eabi/13.3.1/../../../../arm-none-eabi/lib/thumb/v6-m/nofp/crt0.o (exit)
C:/ST/STM32CubeIDE_2.0.0/STM32CubeIDE/plugins/com.st.stm32cube.ide.mcu.externaltools.gnu-tools-for-stm32.13.3.rel1.win32_1.0.100.202509120712/tools/bin/../lib/gcc/arm-none-eabi/13.3.1/../../../../arm-none-eabi/lib/thumb/v6-m/nofp\libc_nano.a(libc_a-malloc.o)
                              ./Core/Src/softwareTimer_ms.o (malloc)
C:/ST/STM32CubeIDE_2.0.0/STM32CubeIDE/plugins/com.st.stm32cube.ide.mcu.externaltools.gnu-tools-for-stm32.13.3.rel1.win32_1.0.100.202509120712/tools/bin/../lib/gcc/arm-none-eabi/13.3.1/../../../../arm-none-eabi/lib/thumb/v6-m/nofp\libc_nano.a(libc_a-mallocr.o)
                              C:/ST/STM32CubeIDE_2.0.0/STM32CubeIDE/plugins/com.st.stm32cube.ide.mcu.externaltools.gnu-tools-for-stm32.13.3.rel1.win32_1.0.100.202509120712/tools/bin/../lib/gcc/arm-none-eabi/13.3.1/../../../../arm-none-eabi/lib/thumb/v6-m/nofp\libc_nano.a(libc_a-callocr.o) (_malloc_r)
C:/ST/STM32CubeIDE_2.0.0/STM32CubeIDE/plugins/com.st.stm32cube.ide.mcu.externaltools.gnu-tools-for-stm32.13.3.rel1.win32_1.0.100.202509120712/tools/bin/../lib/gcc/arm-none-eabi/13.3.1/../../../../arm-none-eabi/lib/thumb/v6-m/nofp\libc_nano.a(libc_a-mlock.o)
                              C:/ST/STM32CubeIDE_2.0.0/STM32CubeIDE/plugins/com.st.stm32cube.ide.mcu.externaltools.gnu-tools-for-stm32.13.3.rel1.win32_1.0.100.202509120712/tools/bin/../lib/gcc/arm-none-eabi/13.3.1/../../../../arm-none-eabi/lib/thumb/v6-m/nofp\libc_nano.a(libc_a-mallocr.o) (__malloc_lock)
C:/ST/STM32CubeIDE_2.0.0/STM32CubeIDE/plugins/com.st.stm32cube.ide.mcu.externaltools.gnu-tools-for-stm32.13.3.rel1.win32_1.0.100.202509120712/tools/bin/../lib/gcc/arm-none-eabi/13.3.1/../../../../arm-none-eabi/lib/thumb/v6-m/nofp\libc_nano.a(libc_a-fflush.o)
                              ./Core/CANopenNode_STM32/CO_app_STM32.o (fflush)
C:/ST/STM32CubeIDE_2.0.0/STM32CubeIDE/plugins/com.st.stm32cube.ide.mcu.externaltools.gnu-tools-for-stm32.13.3.rel1.win32_1.0.100.202509120712/tools/bin/../lib/gcc/arm-none-eabi/13.3.1/../../../../arm-none-eabi/lib/thumb/v6-m/nofp\libc_nano.a(libc_a-findfp.o)
                              C:/ST/STM32CubeIDE_2.0.0/STM32CubeIDE/plugins/com.st.stm32cube.ide.mcu.externaltools.gnu-tools-for-stm32.13.3.rel1.win32_1.0.100.202509120712/tools/bin/../lib/gcc/arm-none-eabi/13.3.1/../../../../arm-none-eabi/lib/thumb/v6-m/nofp\libc_nano.a(libc_a-fflush.o) (__sglue)
C:/ST/STM32CubeIDE_2.0.0/STM32CubeIDE/plugins/com.st.stm32cube.ide.mcu.externaltools.gnu-tools-for-stm32.13.3.rel1.win32_1.0.100.202509120712/tools/bin/../lib/gcc/arm-none-eabi/13.3.1/../../../../arm-none-eabi/lib/thumb/v6-m/nofp\libc_nano.a(libc_a-fwalk.o)
                              C:/ST/STM32CubeIDE_2.0.0/STM32CubeIDE/plugins/com.st.stm32cube.ide.mcu.externaltools.gnu-tools-for-stm32.13.3.rel1.win32_1.0.100.202509120712/tools/bin/../lib/gcc/arm-none-eabi/13.3.1/../../../../arm-none-eabi/lib/thumb/v6-m/nofp\libc_nano.a(libc_a-fflush.o) (_fwalk_sglue)
C:/ST/STM32CubeIDE_2.0.0/STM32CubeIDE/plugins/com.st.stm32cube.ide.mcu.externaltools.gnu-tools-for-stm32.13.3.rel1.win32_1.0.100.202509120712/tools/bin/../lib/gcc/arm-none-eabi/13.3.1/../../../../arm-none-eabi/lib/thumb/v6-m/nofp\libc_nano.a(libc_a-printf.o)
                              ./Core/CANopenNode_STM32/CO_app_STM32.o (printf)
C:/ST/STM32CubeIDE_2.0.0/STM32CubeIDE/plugins/com.st.stm32cube.ide.mcu.externaltools.gnu-tools-for-stm32.13.3.rel1.win32_1.0.100.202509120712/tools/bin/../lib/gcc/arm-none-eabi/13.3.1/../../../../arm-none-eabi/lib/thumb/v6-m/nofp\libc_nano.a(libc_a-puts.o)
[...]
Memory Configuration

Name             Origin             Length             Attributes
RAM              0x20000000         0x00008000         xrw
FLASH            0x08000000         0x00040000         xr
*default*        0x00000000         0xffffffff

Linker script and memory map

LOAD C:/ST/STM32CubeIDE_2.0.0/STM32CubeIDE/plugins/com.st.stm32cube.ide.mcu.externaltools.gnu-tools-for-stm32.13.3.rel1.win32_1.0.100.202509120712/tools/bin/../lib/gcc/arm-none-eabi/13.3.1/thumb/v6-m/nofp/crti.o
LOAD C:/ST/STM32CubeIDE_2.0.0/STM32CubeIDE/plugins/com.st.stm32cube.ide.mcu.externaltools.gnu-tools-for-stm32.13.3.rel1.win32_1.0.100.202509120712/tools/bin/../lib/gcc/arm-none-eabi/13.3.1/thumb/v6-m/nofp/crtbegin.o
LOAD C:/ST/STM32CubeIDE_2.0.0/STM32CubeIDE/plugins/com.st.stm32cube.ide.mcu.externaltools.gnu-tools-for-stm32.13.3.rel1.win32_1.0.100.202509120712/tools/bin/../lib/gcc/arm-none-eabi/13.3.1/../../../../arm-none-eabi/lib/thumb/v6-m/nofp/crt0.o
LOAD ./Core/CANopenNode/301/CO_Emergency.o
LOAD ./Core/CANopenNode/301/CO_HBconsumer.o
LOAD ./Core/CANopenNode/301/CO_NMT_Heartbeat.o
LOAD ./Core/CANopenNode/301/CO_ODinterface.o
LOAD ./Core/CANopenNode/301/CO_PDO.o
LOAD ./Core/CANopenNode/301/CO_SDOclient.o
LOAD ./Core/CANopenNode/301/CO_SDOserver.o
LOAD ./Core/CANopenNode/301/CO_SYNC.o
LOAD ./Core/CANopenNode/301/CO_TIME.o
LOAD ./Core/CANopenNode/301/CO_fifo.o
LOAD ./Core/CANopenNode/301/crc16-ccitt.o
LOAD ./Core/CANopenNode/303/CO_LEDs.o
LOAD ./Core/CANopenNode/304/CO_GFC.o
LOAD ./Core/CANopenNode/304/CO_SRDO.o
LOAD ./Core/CANopenNode/305/CO_LSSmaster.o
LOAD ./Core/CANopenNode/305/CO_LSSslave.o
LOAD ./Core/CANopenNode/309/CO_gateway_ascii.o
LOAD ./Core/CANopenNode/CANopen.o
LOAD ./Core/CANopenNode/extra/CO_trace.o
LOAD ./Core/CANopenNode/storage/CO_storage.o
LOAD ./Core/CANopenNode/storage/CO_storageEeprom.o
LOAD ./Core/CANopenNode_STM32/CO_app_STM32.o
LOAD ./Core/CANopenNode_STM32/CO_driver_STM32.o
LOAD ./Core/CANopenNode_STM32/CO_storageBlank.o
LOAD ./Core/CANopenNode_STM32/OD.o
LOAD ./Core/Src/DigitalInputs.o
LOAD ./Core/Src/DigitalOutputs.o
LOAD ./Core/Src/IO_MappingFunctions.o
LOAD ./Core/Src/NMT_functions.o
LOAD ./Core/Src/can.o
LOAD ./Core/Src/flash.o
LOAD ./Core/Src/freertos.o
LOAD ./Core/Src/gpio.o
LOAD ./Core/Src/iwdg.o
LOAD ./Core/Src/main.o
LOAD ./Core/Src/softwareTimer_ms.o
LOAD ./Core/Src/stm32f0xx_hal_msp.o
LOAD ./Core/Src/stm32f0xx_hal_timebase_tim.o
LOAD ./Core/Src/stm32f0xx_it.o
LOAD ./Core/Src/syscalls.o
LOAD ./Core/Src/sysmem.o
LOAD ./Core/Src/system_stm32f0xx.o
LOAD ./Core/Src/tim.o
LOAD ./Core/Startup/startup_stm32f091cctx.o
LOAD ./Drivers/STM32F0xx_HAL_Driver/Src/stm32f0xx_hal.o
LOAD ./Drivers/STM32F0xx_HAL_Driver/Src/stm32f0xx_hal_can.o
LOAD ./Drivers/STM32F0xx_HAL_Driver/Src/stm32f0xx_hal_cortex.o
LOAD ./Drivers/STM32F0xx_HAL_Driver/Src/stm32f0xx_hal_dma.o
LOAD ./Drivers/STM32F0xx_HAL_Driver/Src/stm32f0xx_hal_exti.o
LOAD ./Drivers/STM32F0xx_HAL_Driver/Src/stm32f0xx_hal_flash.o
LOAD ./Drivers/STM32F0xx_HAL_Driver/Src/stm32f0xx_hal_flash_ex.o
LOAD ./Drivers/STM32F0xx_HAL_Driver/Src/stm32f0xx_hal_gpio.o
LOAD ./Drivers/STM32F0xx_HAL_Driver/Src/stm32f0xx_hal_i2c.o
LOAD ./Drivers/STM32F0xx_HAL_Driver/Src/stm32f0xx_hal_i2c_ex.o
LOAD ./Drivers/STM32F0xx_HAL_Driver/Src/stm32f0xx_hal_iwdg.o
LOAD ./Drivers/STM32F0xx_HAL_Driver/Src/stm32f0xx_hal_pwr.o
LOAD ./Drivers/STM32F0xx_HAL_Driver/Src/stm32f0xx_hal_pwr_ex.o
LOAD ./Drivers/STM32F0xx_HAL_Driver/Src/stm32f0xx_hal_rcc.o
LOAD ./Drivers/STM32F0xx_HAL_Driver/Src/stm32f0xx_hal_rcc_ex.o
LOAD ./Drivers/STM32F0xx_HAL_Driver/Src/stm32f0xx_hal_tim.o
LOAD ./Drivers/STM32F0xx_HAL_Driver/Src/stm32f0xx_hal_tim_ex.o
LOAD ./Middlewares/Third_Party/FreeRTOS/Source/CMSIS_RTOS_V2/cmsis_os2.o
LOAD ./Middlewares/Third_Party/FreeRTOS/Source/croutine.o
LOAD ./Middlewares/Third_Party/FreeRTOS/Source/event_groups.o
LOAD ./Middlewares/Third_Party/FreeRTOS/Source/list.o
LOAD ./Middlewares/Third_Party/FreeRTOS/Source/queue.o
LOAD ./Middlewares/Third_Party/FreeRTOS/Source/tasks.o
LOAD ./Middlewares/Third_Party/FreeRTOS/Source/timers.o
LOAD ./Middlewares/Third_Party/FreeRTOS/Source/portable/GCC/ARM_CM0/port.o
LOAD ./Middlewares/Third_Party/FreeRTOS/Source/portable/MemMang/heap_4.o
START GROUP
LOAD C:/ST/STM32CubeIDE_2.0.0/STM32CubeIDE/plugins/com.st.stm32cube.ide.mcu.externaltools.gnu-tools-for-stm32.13.3.rel1.win32_1.0.100.202509120712/tools/bin/../lib/gcc/arm-none-eabi/13.3.1/../../../../arm-none-eabi/lib/thumb/v6-m/nofp\libc_nano.a
LOAD C:/ST/STM32CubeIDE_2.0.0/STM32CubeIDE/plugins/com.st.stm32cube.ide.mcu.externaltools.gnu-tools-for-stm32.13.3.rel1.win32_1.0.100.202509120712/tools/bin/../lib/gcc/arm-none-eabi/13.3.1/../../../../arm-none-eabi/lib/thumb/v6-m/nofp\libm.a
END GROUP
START GROUP
LOAD C:/ST/STM32CubeIDE_2.0.0/STM32CubeIDE/plugins/com.st.stm32cube.ide.mcu.externaltools.gnu-tools-for-stm32.13.3.rel1.win32_1.0.100.202509120712/tools/bin/../lib/gcc/arm-none-eabi/13.3.1/thumb/v6-m/nofp\libgcc.a
LOAD C:/ST/STM32CubeIDE_2.0.0/STM32CubeIDE/plugins/com.st.stm32cube.ide.mcu.externaltools.gnu-tools-for-stm32.13.3.rel1.win32_1.0.100.202509120712/tools/bin/../lib/gcc/arm-none-eabi/13.3.1/../../../../arm-none-eabi/lib/thumb/v6-m/nofp\libc_nano.a
END GROUP
START GROUP
LOAD C:/ST/STM32CubeIDE_2.0.0/STM32CubeIDE/plugins/com.st.stm32cube.ide.mcu.externaltools.gnu-tools-for-stm32.13.3.rel1.win32_1.0.100.202509120712/tools/bin/../lib/gcc/arm-none-eabi/13.3.1/thumb/v6-m/nofp\libgcc.a
LOAD C:/ST/STM32CubeIDE_2.0.0/STM32CubeIDE/plugins/com.st.stm32cube.ide.mcu.externaltools.gnu-tools-for-stm32.13.3.rel1.win32_1.0.100.202509120712/tools/bin/../lib/gcc/arm-none-eabi/13.3.1/../../../../arm-none-eabi/lib/thumb/v6-m/nofp\libc_nano.a
LOAD C:/ST/STM32CubeIDE_2.0.0/STM32CubeIDE/plugins/com.st.stm32cube.ide.mcu.externaltools.gnu-tools-for-stm32.13.3.rel1.win32_1.0.100.202509120712/tools/bin/../lib/gcc/arm-none-eabi/13.3.1/../../../../arm-none-eabi/lib/thumb/v6-m/nofp\libnosys.a
END GROUP
START GROUP
LOAD C:/ST/STM32CubeIDE_2.0.0/STM32CubeIDE/plugins/com.st.stm32cube.ide.mcu.externaltools.gnu-tools-for-stm32.13.3.rel1.win32_1.0.100.202509120712/tools/bin/../lib/gcc/arm-none-eabi/13.3.1/thumb/v6-m/nofp\libgcc.a
LOAD C:/ST/STM32CubeIDE_2.0.0/STM32CubeIDE/plugins/com.st.stm32cube.ide.mcu.externaltools.gnu-tools-for-stm32.13.3.rel1.win32_1.0.100.202509120712/tools/bin/../lib/gcc/arm-none-eabi/13.3.1/../../../../arm-none-eabi/lib/thumb/v6-m/nofp\libc_nano.a
LOAD C:/ST/STM32CubeIDE_2.0.0/STM32CubeIDE/plugins/com.st.stm32cube.ide.mcu.externaltools.gnu-tools-for-stm32.13.3.rel1.win32_1.0.100.202509120712/tools/bin/../lib/gcc/arm-none-eabi/13.3.1/../../../../arm-none-eabi/lib/thumb/v6-m/nofp\libnosys.a
END GROUP
LOAD C:/ST/STM32CubeIDE_2.0.0/STM32CubeIDE/plugins/com.st.stm32cube.ide.mcu.externaltools.gnu-tools-for-stm32.13.3.rel1.win32_1.0.100.202509120712/tools/bin/../lib/gcc/arm-none-eabi/13.3.1/thumb/v6-m/nofp/crtend.o
LOAD C:/ST/STM32CubeIDE_2.0.0/STM32CubeIDE/plugins/com.st.stm32cube.ide.mcu.externaltools.gnu-tools-for-stm32.13.3.rel1.win32_1.0.100.202509120712/tools/bin/../lib/gcc/arm-none-eabi/13.3.1/thumb/v6-m/nofp/crtn.o
                0x20008000                        _estack = (ORIGIN (RAM) + LENGTH (RAM))
                0x00000200                        _Min_Heap_Size = 0x200
                0x00000400                        _Min_Stack_Size = 0x400

.isr_vector     0x08000000       0xbc
                0x08000000                        . = ALIGN (0x4)
 *(.isr_vector)
 .isr_vector    0x08000000       0xbc ./Core/Startup/startup_stm32f091cctx.o
                0x08000000                g_pfnVectors
                0x080000bc                        . = ALIGN (0x4)

.text           0x080000c0     0x47a8
                0x080000c0                        . = ALIGN (0x4)
 *(.text)
 .text          0x080000c0       0x48 C:/ST/STM32CubeIDE_2.0.0/STM32CubeIDE/plugins/com.st.stm32cube.ide.mcu.externaltools.gnu-tools-for-stm32.13.3.rel1.win32_1.0.100.202509120712/tools/bin/../lib/gcc/arm-none-eabi/13.3.1/thumb/v6-m/nofp/crtbegin.o
 .text          0x08000108      0x114 C:/ST/STM32CubeIDE_2.0.0/STM32CubeIDE/plugins/com.st.stm32cube.ide.mcu.externaltools.gnu-tools-for-stm32.13.3.rel1.win32_1.0.100.202509120712/tools/bin/../lib/gcc/arm-none-eabi/13.3.1/thumb/v6-m/nofp\libgcc.a(_udivsi3.o)
                0x08000108                __aeabi_uidiv
                0x08000108                __udivsi3
                0x08000214                __aeabi_uidivmod
 .text          0x0800021c        0x4 C:/ST/STM32CubeIDE_2.0.0/STM32CubeIDE/plugins/com.st.stm32cube.ide.mcu.externaltools.gnu-tools-for-stm32.13.3.rel1.win32_1.0.100.202509120712/tools/bin/../lib/gcc/arm-none-eabi/13.3.1/thumb/v6-m/nofp\libgcc.a(_dvmd_tls.o)
                0x0800021c                __aeabi_idiv0
                0x0800021c                __aeabi_ldiv0
 *(.text*)
 .text.MX_CAN_Init
                0x08000220       0x70 ./Core/Src/can.o
                0x08000220                MX_CAN_Init
 .text.HAL_CAN_MspInit
                0x08000290       0x9c ./Core/Src/can.o
                0x08000290                HAL_CAN_MspInit
 .text.MX_FREERTOS_Init
                0x0800032c       0x64 ./Core/Src/freertos.o
                0x0800032c                MX_FREERTOS_Init
 .text.inputCheck
                0x08000390       0x10 ./Core/Src/freertos.o
                0x08000390                inputCheck
 .text.canOpenManager
                0x080003a0       0x10 ./Core/Src/freertos.o
                0x080003a0                canOpenManager
 .text.tpdoRequester
                0x080003b0       0x10 ./Core/Src/freertos.o
                0x080003b0                tpdoRequester
 .text.MX_GPIO_Init
                0x080003c0      0x180 ./Core/Src/gpio.o
                0x080003c0                MX_GPIO_Init
 .text.MX_IWDG_Init
                0x08000540       0x40 ./Core/Src/iwdg.o
                0x08000540                MX_IWDG_Init
 .text.main     0x08000580       0x2c ./Core/Src/main.o
                0x08000580                main
 .text.SystemClock_Config
                0x080005ac       0x96 ./Core/Src/main.o
                0x080005ac                SystemClock_Config
 *fill*         0x08000642        0x2 
 .text.HAL_TIM_PeriodElapsedCallback
                0x08000644       0x24 ./Core/Src/main.o
                0x08000644                HAL_TIM_PeriodElapsedCallback
 .text.Error_Handler
                0x08000668        0xc ./Core/Src/main.o
                0x08000668                Error_Handler
 .text.HAL_MspInit
                0x08000674       0x54 ./Core/Src/stm32f0xx_hal_msp.o
                0x08000674                HAL_MspInit
 .text.HAL_InitTick
                0x080006c8      0x10c ./Core/Src/stm32f0xx_hal_timebase_tim.o
                0x080006c8                HAL_InitTick
 .text.NMI_Handler
                0x080007d4        0x8 ./Core/Src/stm32f0xx_it.o
                0x080007d4                NMI_Handler
 .text.HardFault_Handler
                0x080007dc        0x8 ./Core/Src/stm32f0xx_it.o
                0x080007dc                HardFault_Handler
 .text.TIM1_BRK_UP_TRG_COM_IRQHandler
                0x080007e4       0x18 ./Core/Src/stm32f0xx_it.o
                0x080007e4                TIM1_BRK_UP_TRG_COM_IRQHandler
 .text.SystemInit
                0x080007fc        0xa ./Core/Src/system_stm32f0xx.o
                0x080007fc                SystemInit
 *fill*         0x08000806        0x2 
 .text.MX_TIM2_Init
                0x08000808       0xa8 ./Core/Src/tim.o
                0x08000808                MX_TIM2_Init
 .text.HAL_TIM_Base_MspInit
                0x080008b0       0x38 ./Core/Src/tim.o
                0x080008b0                HAL_TIM_Base_MspInit
 .text.Reset_Handler
                0x080008e8       0x50 ./Core/Startup/startup_stm32f091cctx.o
                0x080008e8                Reset_Handler
 .text.Default_Handler
                0x08000938        0x2 ./Core/Startup/startup_stm32f091cctx.o
                0x08000938                TIM1_CC_IRQHandler
                0x08000938                TSC_IRQHandler
                0x08000938                ADC1_COMP_IRQHandler
                0x08000938                I2C1_IRQHandler
                0x08000938                RCC_CRS_IRQHandler
                0x08000938                SPI1_IRQHandler
                0x08000938                TIM6_DAC_IRQHandler
                0x08000938                DMA1_Ch1_IRQHandler
                0x08000938                EXTI2_3_IRQHandler
                0x08000938                I2C2_IRQHandler
                0x08000938                TIM17_IRQHandler
                0x08000938                CEC_CAN_IRQHandler
                0x08000938                RTC_IRQHandler
                0x08000938                PVD_VDDIO2_IRQHandler
                0x08000938                TIM16_IRQHandler
                0x08000938                TIM3_IRQHandler
                0x08000938                EXTI4_15_IRQHandler
                0x08000938                USART3_8_IRQHandler
                0x08000938                Default_Handler
                0x08000938                TIM14_IRQHandler
                0x08000938                TIM7_IRQHandler
                0x08000938                TIM15_IRQHandler
                0x08000938                EXTI0_1_IRQHandler
                0x08000938                SPI2_IRQHandler
                0x08000938                DMA1_Ch2_3_DMA2_Ch1_2_IRQHandler
                0x08000938                DMA1_Ch4_7_DMA2_Ch3_5_IRQHandler
                0x08000938                WWDG_IRQHandler
                0x08000938                TIM2_IRQHandler
                0x08000938                USART2_IRQHandler
                0x08000938                FLASH_IRQHandler
                0x08000938                USART1_IRQHandler
 *fill*         0x0800093a        0x2 
 .text.HAL_Init
                0x0800093c       0x28 ./Drivers/STM32F0xx_HAL_Driver/Src/stm32f0xx_hal.o
                0x0800093c                HAL_Init
 .text.HAL_IncTick
                0x08000964       0x24 ./Drivers/STM32F0xx_HAL_Driver/Src/stm32f0xx_hal.o
                0x08000964                HAL_IncTick
 .text.HAL_GetTick
                0x08000988       0x14 ./Drivers/STM32F0xx_HAL_Driver/Src/stm32f0xx_hal.o
                0x08000988                HAL_GetTick
 .text.HAL_CAN_Init
                0x0800099c      0x1fc ./Drivers/STM32F0xx_HAL_Driver/Src/stm32f0xx_hal_can.o
                0x0800099c                HAL_CAN_Init
 .text.__NVIC_EnableIRQ
                0x08000b98       0x34 ./Drivers/STM32F0xx_HAL_Driver/Src/stm32f0xx_hal_cortex.o
 .text.__NVIC_SetPriority
                0x08000bcc       0xdc ./Drivers/STM32F0xx_HAL_Driver/Src/stm32f0xx_hal_cortex.o
 .text.HAL_NVIC_SetPriority
                0x08000ca8       0x2a ./Drivers/STM32F0xx_HAL_Driver/Src/stm32f0xx_hal_cortex.o
                0x08000ca8                HAL_NVIC_SetPriority
 .text.HAL_NVIC_EnableIRQ
                0x08000cd2       0x20 ./Drivers/STM32F0xx_HAL_Driver/Src/stm32f0xx_hal_cortex.o
                0x08000cd2                HAL_NVIC_EnableIRQ
 *fill*         0x08000cf2        0x2 
 .text.HAL_GPIO_Init
                0x08000cf4      0x2f0 ./Drivers/STM32F0xx_HAL_Driver/Src/stm32f0xx_hal_gpio.o
                0x08000cf4                HAL_GPIO_Init
 .text.HAL_GPIO_WritePin
                0x08000fe4       0x3a ./Drivers/STM32F0xx_HAL_Driver/Src/stm32f0xx_hal_gpio.o
                0x08000fe4                HAL_GPIO_WritePin
 *fill*         0x0800101e        0x2 
 .text.HAL_IWDG_Init
                0x08001020       0xa4 ./Drivers/STM32F0xx_HAL_Driver/Src/stm32f0xx_hal_iwdg.o
                0x08001020                HAL_IWDG_Init
 .text.HAL_RCC_OscConfig
                0x080010c4      0x70c ./Drivers/STM32F0xx_HAL_Driver/Src/stm32f0xx_hal_rcc.o
                0x080010c4                HAL_RCC_OscConfig
 .text.HAL_RCC_ClockConfig
                0x080017d0      0x1b4 ./Drivers/STM32F0xx_HAL_Driver/Src/stm32f0xx_hal_rcc.o
                0x080017d0                HAL_RCC_ClockConfig
 .text.HAL_RCC_GetSysClockFreq
                0x08001984       0xe4 ./Drivers/STM32F0xx_HAL_Driver/Src/stm32f0xx_hal_rcc.o
                0x08001984                HAL_RCC_GetSysClockFreq
 .text.HAL_RCC_GetHCLKFreq
                0x08001a68       0x14 ./Drivers/STM32F0xx_HAL_Driver/Src/stm32f0xx_hal_rcc.o
                0x08001a68                HAL_RCC_GetHCLKFreq
 .text.HAL_RCC_GetPCLK1Freq
                0x08001a7c       0x2c ./Drivers/STM32F0xx_HAL_Driver/Src/stm32f0xx_hal_rcc.o
                0x08001a7c                HAL_RCC_GetPCLK1Freq
 .text.HAL_RCC_GetClockConfig
                0x08001aa8       0x54 ./Drivers/STM32F0xx_HAL_Driver/Src/stm32f0xx_hal_rcc.o
                0x08001aa8                HAL_RCC_GetClockConfig
 .text.HAL_TIM_Base_Init
                0x08001afc       0xa0 ./Drivers/STM32F0xx_HAL_Driver/Src/stm32f0xx_hal_tim.o
                0x08001afc                HAL_TIM_Base_Init
 .text.HAL_TIM_Base_Start_IT
                0x08001b9c       0xa4 ./Drivers/STM32F0xx_HAL_Driver/Src/stm32f0xx_hal_tim.o
                0x08001b9c                HAL_TIM_Base_Start_IT
 .text.HAL_TIM_IRQHandler
                0x08001c40      0x1dc ./Drivers/STM32F0xx_HAL_Driver/Src/stm32f0xx_hal_tim.o
                0x08001c40                HAL_TIM_IRQHandler
 .text.HAL_TIM_ConfigClockSource
                0x08001e1c      0x1a8 ./Drivers/STM32F0xx_HAL_Driver/Src/stm32f0xx_hal_tim.o
                0x08001e1c                HAL_TIM_ConfigClockSource
 .text.HAL_TIM_OC_DelayElapsedCallback
                0x08001fc4       0x10 ./Drivers/STM32F0xx_HAL_Driver/Src/stm32f0xx_hal_tim.o
                0x08001fc4                HAL_TIM_OC_DelayElapsedCallback
 .text.HAL_TIM_IC_CaptureCallback
                0x08001fd4       0x10 ./Drivers/STM32F0xx_HAL_Driver/Src/stm32f0xx_hal_tim.o
                0x08001fd4                HAL_TIM_IC_CaptureCallback
 .text.HAL_TIM_PWM_PulseFinishedCallback
                0x08001fe4       0x10 ./Drivers/STM32F0xx_HAL_Driver/Src/stm32f0xx_hal_tim.o
                0x08001fe4                HAL_TIM_PWM_PulseFinishedCallback
 .text.HAL_TIM_TriggerCallback
                0x08001ff4       0x10 ./Drivers/STM32F0xx_HAL_Driver/Src/stm32f0xx_hal_tim.o
                0x08001ff4                HAL_TIM_TriggerCallback
 .text.TIM_Base_SetConfig
                0x08002004      0x11c ./Drivers/STM32F0xx_HAL_Driver/Src/stm32f0xx_hal_tim.o
                0x08002004                TIM_Base_SetConfig
 .text.TIM_TI1_ConfigInputStage
                0x08002120       0x5c ./Drivers/STM32F0xx_HAL_Driver/Src/stm32f0xx_hal_tim.o
 .text.TIM_TI2_ConfigInputStage
                0x0800217c       0x64 ./Drivers/STM32F0xx_HAL_Driver/Src/stm32f0xx_hal_tim.o
 .text.TIM_ITRx_SetConfig
                0x080021e0       0x32 ./Drivers/STM32F0xx_HAL_Driver/Src/stm32f0xx_hal_tim.o
 *fill*         0x08002212        0x2 
 .text.TIM_ETR_SetConfig
                0x08002214       0x40 ./Drivers/STM32F0xx_HAL_Driver/Src/stm32f0xx_hal_tim.o
                0x08002214                TIM_ETR_SetConfig
 .text.HAL_TIMEx_MasterConfigSynchronization
                0x08002254       0xbc ./Drivers/STM32F0xx_HAL_Driver/Src/stm32f0xx_hal_tim_ex.o
                0x08002254                HAL_TIMEx_MasterConfigSynchronization
 .text.HAL_TIMEx_CommutCallback
                0x08002310       0x10 ./Drivers/STM32F0xx_HAL_Driver/Src/stm32f0xx_hal_tim_ex.o
                0x08002310                HAL_TIMEx_CommutCallback
 .text.HAL_TIMEx_BreakCallback
                0x08002320       0x10 ./Drivers/STM32F0xx_HAL_Driver/Src/stm32f0xx_hal_tim_ex.o
                0x08002320                HAL_TIMEx_BreakCallback
 .text.osKernelInitialize
                0x08002330       0x58 ./Middlewares/Third_Party/FreeRTOS/Source/CMSIS_RTOS_V2/cmsis_os2.o
                0x08002330                osKernelInitialize
 .text.osKernelStart
                0x08002388       0x5c ./Middlewares/Third_Party/FreeRTOS/Source/CMSIS_RTOS_V2/cmsis_os2.o
                0x08002388                osKernelStart
 .text.osThreadNew
                0x080023e4      0x150 ./Middlewares/Third_Party/FreeRTOS/Source/CMSIS_RTOS_V2/cmsis_os2.o
                0x080023e4                osThreadNew
 .text.osDelay  0x08002534       0x50 ./Middlewares/Third_Party/FreeRTOS/Source/CMSIS_RTOS_V2/cmsis_os2.o
                0x08002534                osDelay
 .text.vApplicationGetIdleTaskMemory
                0x08002584       0x30 ./Middlewares/Third_Party/FreeRTOS/Source/CMSIS_RTOS_V2/cmsis_os2.o
                0x08002584                vApplicationGetIdleTaskMemory
 .text.vApplicationGetTimerTaskMemory
                0x080025b4       0x30 ./Middlewares/Third_Party/FreeRTOS/Source/CMSIS_RTOS_V2/cmsis_os2.o
                0x080025b4                vApplicationGetTimerTaskMemory
 .text.vListInitialise
                0x080025e4       0x3c ./Middlewares/Third_Party/FreeRTOS/Source/list.o
                0x080025e4                vListInitialise
 .text.vListInitialiseItem
                0x08002620       0x16 ./Middlewares/Third_Party/FreeRTOS/Source/list.o
                0x08002620                vListInitialiseItem
 .text.vListInsertEnd
                0x08002636       0x44 ./Middlewares/Third_Party/FreeRTOS/Source/list.o
                0x08002636                vListInsertEnd
 .text.vListInsert
                0x0800267a       0x6c ./Middlewares/Third_Party/FreeRTOS/Source/list.o
                0x0800267a                vListInsert
 .text.uxListRemove
                0x080026e6       0x50 ./Middlewares/Third_Party/FreeRTOS/Source/list.o
                0x080026e6                uxListRemove
 .text.xQueueGenericReset
                0x08002736       0xaa ./Middlewares/Third_Party/FreeRTOS/Source/queue.o
                0x08002736                xQueueGenericReset
 .text.xQueueGenericCreateStatic
                0x080027e0       0xa0 ./Middlewares/Third_Party/FreeRTOS/Source/queue.o
                0x080027e0                xQueueGenericCreateStatic
 .text.prvInitialiseNewQueue
                0x08002880       0x4e ./Middlewares/Third_Party/FreeRTOS/Source/queue.o
 .text.xQueueGenericSend
                0x080028ce      0x190 ./Middlewares/Third_Party/FreeRTOS/Source/queue.o
                0x080028ce                xQueueGenericSend
 .text.xQueueGenericSendFromISR
                0x08002a5e       0xe8 ./Middlewares/Third_Party/FreeRTOS/Source/queue.o
                0x08002a5e                xQueueGenericSendFromISR
 .text.xQueueReceive
                0x08002b46      0x170 ./Middlewares/Third_Party/FreeRTOS/Source/queue.o
                0x08002b46                xQueueReceive
 .text.prvCopyDataToQueue
                0x08002cb6       0xd6 ./Middlewares/Third_Party/FreeRTOS/Source/queue.o
 .text.prvCopyDataFromQueue
                0x08002d8c       0x4c ./Middlewares/Third_Party/FreeRTOS/Source/queue.o
 .text.prvUnlockQueue
                0x08002dd8       0xbc ./Middlewares/Third_Party/FreeRTOS/Source/queue.o
 .text.prvIsQueueEmpty
                0x08002e94       0x2c ./Middlewares/Third_Party/FreeRTOS/Source/queue.o
 .text.prvIsQueueFull
                0x08002ec0       0x30 ./Middlewares/Third_Party/FreeRTOS/Source/queue.o
 .text.vQueueAddToRegistry
                0x08002ef0       0x50 ./Middlewares/Third_Party/FreeRTOS/Source/queue.o
                0x08002ef0                vQueueAddToRegistry
 .text.vQueueWaitForMessageRestricted
                0x08002f40       0x66 ./Middlewares/Third_Party/FreeRTOS/Source/queue.o
                0x08002f40                vQueueWaitForMessageRestricted
 .text.xTaskCreateStatic
                0x08002fa6       0x8c ./Middlewares/Third_Party/FreeRTOS/Source/tasks.o
                0x08002fa6                xTaskCreateStatic
 .text.xTaskCreate
                0x08003032       0x98 ./Middlewares/Third_Party/FreeRTOS/Source/tasks.o
                0x08003032                xTaskCreate
 *fill*         0x080030ca        0x2 
 .text.prvInitialiseNewTask
                0x080030cc      0x104 ./Middlewares/Third_Party/FreeRTOS/Source/tasks.o
 .text.prvAddNewTaskToReadyList
                0x080031d0       0xd0 ./Middlewares/Third_Party/FreeRTOS/Source/tasks.o
 .text.vTaskDelay
                0x080032a0       0x4c ./Middlewares/Third_Party/FreeRTOS/Source/tasks.o
                0x080032a0                vTaskDelay
 .text.vTaskStartScheduler
                0x080032ec       0xac ./Middlewares/Third_Party/FreeRTOS/Source/tasks.o
                0x080032ec                vTaskStartScheduler
 .text.vTaskSuspendAll
                0x08003398       0x18 ./Middlewares/Third_Party/FreeRTOS/Source/tasks.o
                0x08003398                vTaskSuspendAll
 .text.xTaskResumeAll
                0x080033b0      0x118 ./Middlewares/Third_Party/FreeRTOS/Source/tasks.o
                0x080033b0                xTaskResumeAll
 .text.xTaskGetTickCount
                0x080034c8       0x1c ./Middlewares/Third_Party/FreeRTOS/Source/tasks.o
                0x080034c8                xTaskGetTickCount
 .text.xTaskIncrementTick
                0x080034e4      0x16c ./Middlewares/Third_Party/FreeRTOS/Source/tasks.o
                0x080034e4                xTaskIncrementTick
 .text.vTaskSwitchContext
                0x08003650       0xa4 ./Middlewares/Third_Party/FreeRTOS/Source/tasks.o
                0x08003650                vTaskSwitchContext
 .text.vTaskPlaceOnEventList
                0x080036f4       0x40 ./Middlewares/Third_Party/FreeRTOS/Source/tasks.o
                0x080036f4                vTaskPlaceOnEventList
 .text.vTaskPlaceOnEventListRestricted
                0x08003734       0x50 ./Middlewares/Third_Party/FreeRTOS/Source/tasks.o
                0x08003734                vTaskPlaceOnEventListRestricted
 .text.xTaskRemoveFromEventList
                0x08003784       0xbc ./Middlewares/Third_Party/FreeRTOS/Source/tasks.o
                0x08003784                xTaskRemoveFromEventList
 .text.vTaskInternalSetTimeOutState
                0x08003840       0x28 ./Middlewares/Third_Party/FreeRTOS/Source/tasks.o
                0x08003840                vTaskInternalSetTimeOutState
 .text.xTaskCheckForTimeOut
                0x08003868       0xa4 ./Middlewares/Third_Party/FreeRTOS/Source/tasks.o
                0x08003868                xTaskCheckForTimeOut
 .text.vTaskMissedYield
                0x0800390c       0x14 ./Middlewares/Third_Party/FreeRTOS/Source/tasks.o
                0x0800390c                vTaskMissedYield
 .text.prvIdleTask
                0x08003920       0x20 ./Middlewares/Third_Party/FreeRTOS/Source/tasks.o
 .text.prvInitialiseTaskLists
                0x08003940       0x88 ./Middlewares/Third_Party/FreeRTOS/Source/tasks.o
 .text.prvCheckTasksWaitingTermination
                0x080039c8       0x5c ./Middlewares/Third_Party/FreeRTOS/Source/tasks.o
 .text.prvDeleteTCB
                0x08003a24       0x52 ./Middlewares/Third_Party/FreeRTOS/Source/tasks.o
 *fill*         0x08003a76        0x2 
 .text.prvResetNextTaskUnblockTime
                0x08003a78       0x48 ./Middlewares/Third_Party/FreeRTOS/Source/tasks.o
 .text.xTaskGetSchedulerState
                0x08003ac0       0x38 ./Middlewares/Third_Party/FreeRTOS/Source/tasks.o
                0x08003ac0                xTaskGetSchedulerState
 .text.xTaskPriorityDisinherit
                0x08003af8       0xbc ./Middlewares/Third_Party/FreeRTOS/Source/tasks.o
                0x08003af8                xTaskPriorityDisinherit
 .text.prvAddCurrentTaskToDelayedList
                0x08003bb4       0xa8 ./Middlewares/Third_Party/FreeRTOS/Source/tasks.o
 .text.xTimerCreateTimerTask
                0x08003c5c       0x80 ./Middlewares/Third_Party/FreeRTOS/Source/timers.o
                0x08003c5c                xTimerCreateTimerTask
 .text.xTimerGenericCommand
                0x08003cdc       0x98 ./Middlewares/Third_Party/FreeRTOS/Source/timers.o
                0x08003cdc                xTimerGenericCommand
 .text.prvProcessExpiredTimer
                0x08003d74       0x74 ./Middlewares/Third_Party/FreeRTOS/Source/timers.o
 .text.prvTimerTask
                0x08003de8       0x2a ./Middlewares/Third_Party/FreeRTOS/Source/timers.o
 *fill*         0x08003e12        0x2 
 .text.prvProcessTimerOrBlockTask
                0x08003e14       0x8c ./Middlewares/Third_Party/FreeRTOS/Source/timers.o
 .text.prvGetNextExpireTime
                0x08003ea0       0x40 ./Middlewares/Third_Party/FreeRTOS/Source/timers.o
 .text.prvSampleTimeNow
                0x08003ee0       0x40 ./Middlewares/Third_Party/FreeRTOS/Source/timers.o
 .text.prvInsertTimerInActiveList
                0x08003f20       0x84 ./Middlewares/Third_Party/FreeRTOS/Source/timers.o
 .text.prvProcessReceivedCommands
                0x08003fa4      0x144 ./Middlewares/Third_Party/FreeRTOS/Source/timers.o
 .text.prvSwitchTimerLists
                0x080040e8       0xb8 ./Middlewares/Third_Party/FreeRTOS/Source/timers.o
 .text.prvCheckForValidListAndQueue
                0x080041a0       0x84 ./Middlewares/Third_Party/FreeRTOS/Source/timers.o
 .text.pxPortInitialiseStack
                0x08004224       0x54 ./Middlewares/Third_Party/FreeRTOS/Source/portable/GCC/ARM_CM0/port.o
                0x08004224                pxPortInitialiseStack
 .text.prvTaskExitError
                0x08004278       0x30 ./Middlewares/Third_Party/FreeRTOS/Source/portable/GCC/ARM_CM0/port.o
 .text.SVC_Handler
                0x080042a8        0xa ./Middlewares/Third_Party/FreeRTOS/Source/portable/GCC/ARM_CM0/port.o
                0x080042a8                SVC_Handler
 *fill*         0x080042b2        0xe 
 .text.vPortStartFirstTask
                0x080042c0       0x38 ./Middlewares/Third_Party/FreeRTOS/Source/portable/GCC/ARM_CM0/port.o
 .text.xPortStartScheduler
                0x080042f8       0x48 ./Middlewares/Third_Party/FreeRTOS/Source/portable/GCC/ARM_CM0/port.o
                0x080042f8                xPortStartScheduler
 .text.vPortYield
                0x08004340       0x20 ./Middlewares/Third_Party/FreeRTOS/Source/portable/GCC/ARM_CM0/port.o
                0x08004340                vPortYield
 .text.vPortEnterCritical
                0x08004360       0x24 ./Middlewares/Third_Party/FreeRTOS/Source/portable/GCC/ARM_CM0/port.o
                0x08004360                vPortEnterCritical
 .text.vPortExitCritical
                0x08004384       0x30 ./Middlewares/Third_Party/FreeRTOS/Source/portable/GCC/ARM_CM0/port.o
                0x08004384                vPortExitCritical
 .text.ulSetInterruptMaskFromISR
                0x080043b4        0xc ./Middlewares/Third_Party/FreeRTOS/Source/portable/GCC/ARM_CM0/port.o
                0x080043b4                ulSetInterruptMaskFromISR
 .text.vClearInterruptMaskFromISR
                0x080043c0        0x8 ./Middlewares/Third_Party/FreeRTOS/Source/portable/GCC/ARM_CM0/port.o
                0x080043c0                vClearInterruptMaskFromISR
 *fill*         0x080043c8        0x8 
 .text.PendSV_Handler
                0x080043d0       0x48 ./Middlewares/Third_Party/FreeRTOS/Source/portable/GCC/ARM_CM0/port.o
                0x080043d0                PendSV_Handler
 .text.SysTick_Handler
                0x08004418       0x34 ./Middlewares/Third_Party/FreeRTOS/Source/portable/GCC/ARM_CM0/port.o
                0x08004418                SysTick_Handler
 .text.prvSetupTimerInterrupt
                0x0800444c       0x44 ./Middlewares/Third_Party/FreeRTOS/Source/portable/GCC/ARM_CM0/port.o
 .text.pvPortMalloc
                0x08004490      0x150 ./Middlewares/Third_Party/FreeRTOS/Source/portable/MemMang/heap_4.o
                0x08004490                pvPortMalloc
 .text.vPortFree
                0x080045e0       0x94 ./Middlewares/Third_Party/FreeRTOS/Source/portable/MemMang/heap_4.o
                0x080045e0                vPortFree
 .text.prvHeapInit
                0x08004674       0xc0 ./Middlewares/Third_Party/FreeRTOS/Source/portable/MemMang/heap_4.o
 .text.prvInsertBlockIntoFreeList
                0x08004734       0xb0 ./Middlewares/Third_Party/FreeRTOS/Source/portable/MemMang/heap_4.o
 .text.memset   0x080047e4       0x10 C:/ST/STM32CubeIDE_2.0.0/STM32CubeIDE/plugins/com.st.stm32cube.ide.mcu.externaltools.gnu-tools-for-stm32.13.3.rel1.win32_1.0.100.202509120712/tools/bin/../lib/gcc/arm-none-eabi/13.3.1/../../../../arm-none-eabi/lib/thumb/v6-m/nofp\libc_nano.a(libc_a-memset.o)
                0x080047e4                memset
 .text.__libc_init_array
                0x080047f4       0x48 C:/ST/STM32CubeIDE_2.0.0/STM32CubeIDE/plugins/com.st.stm32cube.ide.mcu.externaltools.gnu-tools-for-stm32.13.3.rel1.win32_1.0.100.202509120712/tools/bin/../lib/gcc/arm-none-eabi/13.3.1/../../../../arm-none-eabi/lib/thumb/v6-m/nofp\libc_nano.a(libc_a-init.o)
                0x080047f4                __libc_init_array
 .text.memcpy   0x0800483c       0x12 C:/ST/STM32CubeIDE_2.0.0/STM32CubeIDE/plugins/com.st.stm32cube.ide.mcu.externaltools.gnu-tools-for-stm32.13.3.rel1.win32_1.0.100.202509120712/tools/bin/../lib/gcc/arm-none-eabi/13.3.1/../../../../arm-none-eabi/lib/thumb/v6-m/nofp\libc_nano.a(libc_a-memcpy-stub.o)
                0x0800483c                memcpy
 *(.glue_7)
 .glue_7        0x0800484e        0x0 linker stubs
 *(.glue_7t)
 .glue_7t       0x0800484e        0x0 linker stubs
 *(.eh_frame)
 *fill*         0x0800484e        0x2 
 .eh_frame      0x08004850        0x0 C:/ST/STM32CubeIDE_2.0.0/STM32CubeIDE/plugins/com.st.stm32cube.ide.mcu.externaltools.gnu-tools-for-stm32.13.3.rel1.win32_1.0.100.202509120712/tools/bin/../lib/gcc/arm-none-eabi/13.3.1/thumb/v6-m/nofp/crtbegin.o
 *(.init)
 .init          0x08004850        0x4 C:/ST/STM32CubeIDE_2.0.0/STM32CubeIDE/plugins/com.st.stm32cube.ide.mcu.externaltools.gnu-tools-for-stm32.13.3.rel1.win32_1.0.100.202509120712/tools/bin/../lib/gcc/arm-none-eabi/13.3.1/thumb/v6-m/nofp/crti.o
                0x08004850                _init
 .init          0x08004854        0x8 C:/ST/STM32CubeIDE_2.0.0/STM32CubeIDE/plugins/com.st.stm32cube.ide.mcu.externaltools.gnu-tools-for-stm32.13.3.rel1.win32_1.0.100.202509120712/tools/bin/../lib/gcc/arm-none-eabi/13.3.1/thumb/v6-m/nofp/crtn.o
 *(.fini)
 .fini          0x0800485c        0x4 C:/ST/STM32CubeIDE_2.0.0/STM32CubeIDE/plugins/com.st.stm32cube.ide.mcu.externaltools.gnu-tools-for-stm32.13.3.rel1.win32_1.0.100.202509120712/tools/bin/../lib/gcc/arm-none-eabi/13.3.1/thumb/v6-m/nofp/crti.o
                0x0800485c                _fini
 .fini          0x08004860        0x8 C:/ST/STM32CubeIDE_2.0.0/STM32CubeIDE/plugins/com.st.stm32cube.ide.mcu.externaltools.gnu-tools-for-stm32.13.3.rel1.win32_1.0.100.202509120712/tools/bin/../lib/gcc/arm-none-eabi/13.3.1/thumb/v6-m/nofp/crtn.o
                0x08004868                        . = ALIGN (0x4)
                0x08004868                        _etext = .

.vfp11_veneer   0x08004868        0x0
 .vfp11_veneer  0x08004868        0x0 linker stubs

.v4_bx          0x08004868        0x0
 .v4_bx         0x08004868        0x0 linker stubs

.iplt           0x08004868        0x0
 .iplt          0x08004868        0x0 C:/ST/STM32CubeIDE_2.0.0/STM32CubeIDE/plugins/com.st.stm32cube.ide.mcu.externaltools.gnu-tools-for-stm32.13.3.rel1.win32_1.0.100.202509120712/tools/bin/../lib/gcc/arm-none-eabi/13.3.1/thumb/v6-m/nofp/crtbegin.o

.rodata         0x08004868      0x110
                0x08004868                        . = ALIGN (0x4)
 *(.rodata)
 .rodata        0x08004868       0x2b ./Core/Src/freertos.o
 *fill*         0x08004893        0x1 
 .rodata        0x08004894        0x5 ./Middlewares/Third_Party/FreeRTOS/Source/tasks.o
 *fill*         0x08004899        0x3 
 .rodata        0x0800489c        0xd ./Middlewares/Third_Party/FreeRTOS/Source/timers.o
 *(.rodata*)
 *fill*         0x080048a9        0x3 
 .rodata.inputCheckT_attributes
                0x080048ac       0x24 ./Core/Src/freertos.o
                0x080048ac                inputCheckT_attributes
 .rodata.canOpenManagerT_attributes
                0x080048d0       0x24 ./Core/Src/freertos.o
                0x080048d0                canOpenManagerT_attributes
 .rodata.tpdoRequesterT_attributes
                0x080048f4       0x24 ./Core/Src/freertos.o
                0x080048f4                tpdoRequesterT_attributes
 .rodata.AHBPrescTable
                0x08004918       0x10 ./Core/Src/system_stm32f0xx.o
                0x08004918                AHBPrescTable
 .rodata.APBPrescTable
                0x08004928        0x8 ./Core/Src/system_stm32f0xx.o
                0x08004928                APBPrescTable
 .rodata.aPLLMULFactorTable.1
                0x08004930       0x10 ./Drivers/STM32F0xx_HAL_Driver/Src/stm32f0xx_hal_rcc.o
 .rodata.aPredivFactorTable.0
                0x08004940       0x10 ./Drivers/STM32F0xx_HAL_Driver/Src/stm32f0xx_hal_rcc.o
 .rodata.prvProcessReceivedCommands
                0x08004950       0x28 ./Middlewares/Third_Party/FreeRTOS/Source/timers.o
                0x08004978                        . = ALIGN (0x4)

.ARM.extab      0x08004978        0x0
                0x08004978                        . = ALIGN (0x4)
 *(.ARM.extab* .gnu.linkonce.armextab.*)
                0x08004978                        . = ALIGN (0x4)

.ARM            0x08004978        0x0
                0x08004978                        . = ALIGN (0x4)
                0x08004978                        __exidx_start = .
 *(.ARM.exidx*)
                0x08004978                        __exidx_end = .
                0x08004978                        . = ALIGN (0x4)

.preinit_array  0x08004978        0x0
                0x08004978                        . = ALIGN (0x4)
                0x08004978                        PROVIDE (__preinit_array_start = .)
 *(.preinit_array*)
                0x08004978                        PROVIDE (__preinit_array_end = .)
                0x08004978                        . = ALIGN (0x4)

.init_array     0x08004978        0x4
                0x08004978                        . = ALIGN (0x4)
                0x08004978                        PROVIDE (__init_array_start = .)
 *(SORT_BY_NAME(.init_array.*))
 *(.init_array*)
 .init_array    0x08004978        0x4 C:/ST/STM32CubeIDE_2.0.0/STM32CubeIDE/plugins/com.st.stm32cube.ide.mcu.externaltools.gnu-tools-for-stm32.13.3.rel1.win32_1.0.100.202509120712/tools/bin/../lib/gcc/arm-none-eabi/13.3.1/thumb/v6-m/nofp/crtbegin.o
                0x0800497c                        PROVIDE (__init_array_end = .)
                0x0800497c                        . = ALIGN (0x4)

.fini_array     0x0800497c        0x4
                0x0800497c                        . = ALIGN (0x4)
                [!provide]                        PROVIDE (__fini_array_start = .)
 *(SORT_BY_NAME(.fini_array.*))
 *(.fini_array*)
 .fini_array    0x0800497c        0x4 C:/ST/STM32CubeIDE_2.0.0/STM32CubeIDE/plugins/com.st.stm32cube.ide.mcu.externaltools.gnu-tools-for-stm32.13.3.rel1.win32_1.0.100.202509120712/tools/bin/../lib/gcc/arm-none-eabi/13.3.1/thumb/v6-m/nofp/crtbegin.o
                [!provide]                        PROVIDE (__fini_array_end = .)
                0x08004980                        . = ALIGN (0x4)
                0x08004980                        _sidata = LOADADDR (.data)

.rel.dyn        0x08004980        0x0
 .rel.iplt      0x08004980        0x0 C:/ST/STM32CubeIDE_2.0.0/STM32CubeIDE/plugins/com.st.stm32cube.ide.mcu.externaltools.gnu-tools-for-stm32.13.3.rel1.win32_1.0.100.202509120712/tools/bin/../lib/gcc/arm-none-eabi/13.3.1/thumb/v6-m/nofp/crtbegin.o

.data           0x20000000       0x10 load address 0x08004980
                0x20000000                        . = ALIGN (0x4)
                0x20000000                        _sdata = .
 *(.data)
 *(.data*)
 .data.SystemCoreClock
                0x20000000        0x4 ./Core/Src/system_stm32f0xx.o
                0x20000000                SystemCoreClock
 .data.uwTickPrio
                0x20000004        0x4 ./Drivers/STM32F0xx_HAL_Driver/Src/stm32f0xx_hal.o
                0x20000004                uwTickPrio
 .data.uwTickFreq
                0x20000008        0x1 ./Drivers/STM32F0xx_HAL_Driver/Src/stm32f0xx_hal.o
                0x20000008                uwTickFreq
 *fill*         0x20000009        0x3 
 .data.uxCriticalNesting
                0x2000000c        0x4 ./Middlewares/Third_Party/FreeRTOS/Source/portable/GCC/ARM_CM0/port.o
 *(.RamFunc)
 *(.RamFunc*)
                0x20000010                        . = ALIGN (0x4)
                0x20000010                        _edata = .

.igot.plt       0x20000010        0x0 load address 0x08004990
 .igot.plt      0x20000010        0x0 C:/ST/STM32CubeIDE_2.0.0/STM32CubeIDE/plugins/com.st.stm32cube.ide.mcu.externaltools.gnu-tools-for-stm32.13.3.rel1.win32_1.0.100.202509120712/tools/bin/../lib/gcc/arm-none-eabi/13.3.1/thumb/v6-m/nofp/crtbegin.o
                0x20000010                        . = ALIGN (0x4)

.bss            0x20000010     0x4e30 load address 0x08004990
                0x20000010                        _sbss = .
                0x20000010                        __bss_start__ = _sbss
 *(.bss)
 .bss           0x20000010       0x1c C:/ST/STM32CubeIDE_2.0.0/STM32CubeIDE/plugins/com.st.stm32cube.ide.mcu.externaltools.gnu-tools-for-stm32.13.3.rel1.win32_1.0.100.202509120712/tools/bin/../lib/gcc/arm-none-eabi/13.3.1/thumb/v6-m/nofp/crtbegin.o
 *(.bss*)
 .bss.hcan      0x2000002c       0x28 ./Core/Src/can.o
                0x2000002c                hcan
 .bss.inputCheckTHandle
                0x20000054        0x4 ./Core/Src/freertos.o
                0x20000054                inputCheckTHandle
 .bss.canOpenManagerTHandle
                0x20000058        0x4 ./Core/Src/freertos.o
                0x20000058                canOpenManagerTHandle
 .bss.tpdoRequesterTHandle
                0x2000005c        0x4 ./Core/Src/freertos.o
                0x2000005c                tpdoRequesterTHandle
 .bss.hiwdg     0x20000060       0x10 ./Core/Src/iwdg.o
                0x20000060                hiwdg
 .bss.htim1     0x20000070       0x48 ./Core/Src/stm32f0xx_hal_timebase_tim.o
                0x20000070                htim1
 .bss.htim2     0x200000b8       0x48 ./Core/Src/tim.o
                0x200000b8                htim2
 .bss.uwTick    0x20000100        0x4 ./Drivers/STM32F0xx_HAL_Driver/Src/stm32f0xx_hal.o
                0x20000100                uwTick
 .bss.KernelState
                0x20000104        0x4 ./Middlewares/Third_Party/FreeRTOS/Source/CMSIS_RTOS_V2/cmsis_os2.o
 .bss.Idle_TCB  0x20000108       0x5c ./Middlewares/Third_Party/FreeRTOS/Source/CMSIS_RTOS_V2/cmsis_os2.o
 .bss.Idle_Stack
                0x20000164      0x200 ./Middlewares/Third_Party/FreeRTOS/Source/CMSIS_RTOS_V2/cmsis_os2.o
 .bss.Timer_TCB
                0x20000364       0x5c ./Middlewares/Third_Party/FreeRTOS/Source/CMSIS_RTOS_V2/cmsis_os2.o
 .bss.Timer_Stack
                0x200003c0      0x400 ./Middlewares/Third_Party/FreeRTOS/Source/CMSIS_RTOS_V2/cmsis_os2.o
 .bss.xQueueRegistry
                0x200007c0       0x40 ./Middlewares/Third_Party/FreeRTOS/Source/queue.o
                0x200007c0                xQueueRegistry
 .bss.pxCurrentTCB
                0x20000800        0x4 ./Middlewares/Third_Party/FreeRTOS/Source/tasks.o
                0x20000800                pxCurrentTCB
 .bss.pxReadyTasksLists
                0x20000804      0x460 ./Middlewares/Third_Party/FreeRTOS/Source/tasks.o
 .bss.xDelayedTaskList1
                0x20000c64       0x14 ./Middlewares/Third_Party/FreeRTOS/Source/tasks.o
 .bss.xDelayedTaskList2
                0x20000c78       0x14 ./Middlewares/Third_Party/FreeRTOS/Source/tasks.o
 .bss.pxDelayedTaskList
                0x20000c8c        0x4 ./Middlewares/Third_Party/FreeRTOS/Source/tasks.o
 .bss.pxOverflowDelayedTaskList
                0x20000c90        0x4 ./Middlewares/Third_Party/FreeRTOS/Source/tasks.o
 .bss.xPendingReadyList
                0x20000c94       0x14 ./Middlewares/Third_Party/FreeRTOS/Source/tasks.o
 .bss.xTasksWaitingTermination
                0x20000ca8       0x14 ./Middlewares/Third_Party/FreeRTOS/Source/tasks.o
 .bss.uxDeletedTasksWaitingCleanUp
                0x20000cbc        0x4 ./Middlewares/Third_Party/FreeRTOS/Source/tasks.o
 .bss.xSuspendedTaskList
                0x20000cc0       0x14 ./Middlewares/Third_Party/FreeRTOS/Source/tasks.o
 .bss.uxCurrentNumberOfTasks
                0x20000cd4        0x4 ./Middlewares/Third_Party/FreeRTOS/Source/tasks.o
 .bss.xTickCount
                0x20000cd8        0x4 ./Middlewares/Third_Party/FreeRTOS/Source/tasks.o
 .bss.uxTopReadyPriority
                0x20000cdc        0x4 ./Middlewares/Third_Party/FreeRTOS/Source/tasks.o
 .bss.xSchedulerRunning
                0x20000ce0        0x4 ./Middlewares/Third_Party/FreeRTOS/Source/tasks.o
 .bss.uxPendedTicks
                0x20000ce4        0x4 ./Middlewares/Third_Party/FreeRTOS/Source/tasks.o
 .bss.xYieldPending
                0x20000ce8        0x4 ./Middlewares/Third_Party/FreeRTOS/Source/tasks.o
 .bss.xNumOfOverflows
                0x20000cec        0x4 ./Middlewares/Third_Party/FreeRTOS/Source/tasks.o
 .bss.uxTaskNumber
                0x20000cf0        0x4 ./Middlewares/Third_Party/FreeRTOS/Source/tasks.o
 .bss.xNextTaskUnblockTime
                0x20000cf4        0x4 ./Middlewares/Third_Party/FreeRTOS/Source/tasks.o
 .bss.xIdleTaskHandle
                0x20000cf8        0x4 ./Middlewares/Third_Party/FreeRTOS/Source/tasks.o
 .bss.uxSchedulerSuspended
                0x20000cfc        0x4 ./Middlewares/Third_Party/FreeRTOS/Source/tasks.o
 .bss.xActiveTimerList1
                0x20000d00       0x14 ./Middlewares/Third_Party/FreeRTOS/Source/timers.o
 .bss.xActiveTimerList2
                0x20000d14       0x14 ./Middlewares/Third_Party/FreeRTOS/Source/timers.o
 .bss.pxCurrentTimerList
                0x20000d28        0x4 ./Middlewares/Third_Party/FreeRTOS/Source/timers.o
 .bss.pxOverflowTimerList
                0x20000d2c        0x4 ./Middlewares/Third_Party/FreeRTOS/Source/timers.o
 .bss.xTimerQueue
                0x20000d30        0x4 ./Middlewares/Third_Party/FreeRTOS/Source/timers.o
 .bss.xTimerTaskHandle
                0x20000d34        0x4 ./Middlewares/Third_Party/FreeRTOS/Source/timers.o
 .bss.xLastTime.2
                0x20000d38        0x4 ./Middlewares/Third_Party/FreeRTOS/Source/timers.o
 .bss.ucStaticTimerQueueStorage.1
                0x20000d3c       0xa0 ./Middlewares/Third_Party/FreeRTOS/Source/timers.o
 .bss.xStaticTimerQueue.0
                0x20000ddc       0x50 ./Middlewares/Third_Party/FreeRTOS/Source/timers.o
 .bss.ucHeap    0x20000e2c     0x3ffc ./Middlewares/Third_Party/FreeRTOS/Source/portable/MemMang/heap_4.o
 .bss.xStart    0x20004e28        0x8 ./Middlewares/Third_Party/FreeRTOS/Source/portable/MemMang/heap_4.o
 .bss.pxEnd     0x20004e30        0x4 ./Middlewares/Third_Party/FreeRTOS/Source/portable/MemMang/heap_4.o
 .bss.xFreeBytesRemaining
                0x20004e34        0x4 ./Middlewares/Third_Party/FreeRTOS/Source/portable/MemMang/heap_4.o
 .bss.xMinimumEverFreeBytesRemaining
                0x20004e38        0x4 ./Middlewares/Third_Party/FreeRTOS/Source/portable/MemMang/heap_4.o
 .bss.xBlockAllocatedBit
                0x20004e3c        0x4 ./Middlewares/Third_Party/FreeRTOS/Source/portable/MemMang/heap_4.o
 *(COMMON)
                0x20004e40                        . = ALIGN (0x4)
                0x20004e40                        _ebss = .
                0x20004e40                        __bss_end__ = _ebss

._user_heap_stack
                0x20004e40      0x600 load address 0x08004990
                0x20004e40                        . = ALIGN (0x8)
                [!provide]                        PROVIDE (end = .)
                0x20004e40                        PROVIDE (_end = .)
                0x20005040                        . = (. + _Min_Heap_Size)
 *fill*         0x20004e40      0x200 
                0x20005440                        . = (. + _Min_Stack_Size)
 *fill*         0x20005040      0x400 
                0x20005440                        . = ALIGN (0x8)

/DISCARD/
 libc.a(*)
 libm.a(*)
 libgcc.a(*)

.ARM.attributes
                0x00000000       0x28
 *(.ARM.attributes)
 .ARM.attributes
                0x00000000       0x1e C:/ST/STM32CubeIDE_2.0.0/STM32CubeIDE/plugins/com.st.stm32cube.ide.mcu.externaltools.gnu-tools-for-stm32.13.3.rel1.win32_1.0.100.202509120712/tools/bin/../lib/gcc/arm-none-eabi/13.3.1/thumb/v6-m/nofp/crti.o
 .ARM.attributes
                0x0000001e       0x2c C:/ST/STM32CubeIDE_2.0.0/STM32CubeIDE/plugins/com.st.stm32cube.ide.mcu.externaltools.gnu-tools-for-stm32.13.3.rel1.win32_1.0.100.202509120712/tools/bin/../lib/gcc/arm-none-eabi/13.3.1/thumb/v6-m/nofp/crtbegin.o
 .ARM.attributes
                0x0000004a       0x2c ./Core/Src/can.o
 .ARM.attributes
                0x00000076       0x2c ./Core/Src/freertos.o
 .ARM.attributes
                0x000000a2       0x2c ./Core/Src/gpio.o
 .ARM.attributes
                0x000000ce       0x2c ./Core/Src/iwdg.o
 .ARM.attributes
                0x000000fa       0x2c ./Core/Src/main.o
 .ARM.attributes
                0x00000126       0x2c ./Core/Src/stm32f0xx_hal_msp.o
 .ARM.attributes
                0x00000152       0x2c ./Core/Src/stm32f0xx_hal_timebase_tim.o
 .ARM.attributes
                0x0000017e       0x2c ./Core/Src/stm32f0xx_it.o
 .ARM.attributes
                0x000001aa       0x2c ./Core/Src/system_stm32f0xx.o
 .ARM.attributes
                0x000001d6       0x2c ./Core/Src/tim.o
 .ARM.attributes
                0x00000202       0x21 ./Core/Startup/startup_stm32f091cctx.o
 .ARM.attributes
                0x00000223       0x2c ./Drivers/STM32F0xx_HAL_Driver/Src/stm32f0xx_hal.o
 .ARM.attributes
                0x0000024f       0x2c ./Drivers/STM32F0xx_HAL_Driver/Src/stm32f0xx_hal_can.o
 .ARM.attributes
                0x0000027b       0x2c ./Drivers/STM32F0xx_HAL_Driver/Src/stm32f0xx_hal_cortex.o
 .ARM.attributes
                0x000002a7       0x2c ./Drivers/STM32F0xx_HAL_Driver/Src/stm32f0xx_hal_gpio.o
 .ARM.attributes
                0x000002d3       0x2c ./Drivers/STM32F0xx_HAL_Driver/Src/stm32f0xx_hal_iwdg.o
 .ARM.attributes
                0x000002ff       0x2c ./Drivers/STM32F0xx_HAL_Driver/Src/stm32f0xx_hal_rcc.o
 .ARM.attributes
                0x0000032b       0x2c ./Drivers/STM32F0xx_HAL_Driver/Src/stm32f0xx_hal_tim.o
 .ARM.attributes
                0x00000357       0x2c ./Drivers/STM32F0xx_HAL_Driver/Src/stm32f0xx_hal_tim_ex.o
 .ARM.attributes
                0x00000383       0x2c ./Middlewares/Third_Party/FreeRTOS/Source/CMSIS_RTOS_V2/cmsis_os2.o
 .ARM.attributes
                0x000003af       0x2c ./Middlewares/Third_Party/FreeRTOS/Source/list.o
 .ARM.attributes
                0x000003db       0x2c ./Middlewares/Third_Party/FreeRTOS/Source/queue.o
 .ARM.attributes
                0x00000407       0x2c ./Middlewares/Third_Party/FreeRTOS/Source/tasks.o
 .ARM.attributes
                0x00000433       0x2c ./Middlewares/Third_Party/FreeRTOS/Source/timers.o
 .ARM.attributes
                0x0000045f       0x2c ./Middlewares/Third_Party/FreeRTOS/Source/portable/GCC/ARM_CM0/port.o
 .ARM.attributes
                0x0000048b       0x2c ./Middlewares/Third_Party/FreeRTOS/Source/portable/MemMang/heap_4.o
 .ARM.attributes
                0x000004b7       0x2c C:/ST/STM32CubeIDE_2.0.0/STM32CubeIDE/plugins/com.st.stm32cube.ide.mcu.externaltools.gnu-tools-for-stm32.13.3.rel1.win32_1.0.100.202509120712/tools/bin/../lib/gcc/arm-none-eabi/13.3.1/../../../../arm-none-eabi/lib/thumb/v6-m/nofp\libc_nano.a(libc_a-memset.o)
 .ARM.attributes
                0x000004e3       0x2c C:/ST/STM32CubeIDE_2.0.0/STM32CubeIDE/plugins/com.st.stm32cube.ide.mcu.externaltools.gnu-tools-for-stm32.13.3.rel1.win32_1.0.100.202509120712/tools/bin/../lib/gcc/arm-none-eabi/13.3.1/../../../../arm-none-eabi/lib/thumb/v6-m/nofp\libc_nano.a(libc_a-init.o)
 .ARM.attributes
                0x0000050f       0x2c C:/ST/STM32CubeIDE_2.0.0/STM32CubeIDE/plugins/com.st.stm32cube.ide.mcu.externaltools.gnu-tools-for-stm32.13.3.rel1.win32_1.0.100.202509120712/tools/bin/../lib/gcc/arm-none-eabi/13.3.1/../../../../arm-none-eabi/lib/thumb/v6-m/nofp\libc_nano.a(libc_a-memcpy-stub.o)
 .ARM.attributes
                0x0000053b       0x1e C:/ST/STM32CubeIDE_2.0.0/STM32CubeIDE/plugins/com.st.stm32cube.ide.mcu.externaltools.gnu-tools-for-stm32.13.3.rel1.win32_1.0.100.202509120712/tools/bin/../lib/gcc/arm-none-eabi/13.3.1/thumb/v6-m/nofp\libgcc.a(_udivsi3.o)
 .ARM.attributes
                0x00000559       0x1e C:/ST/STM32CubeIDE_2.0.0/STM32CubeIDE/plugins/com.st.stm32cube.ide.mcu.externaltools.gnu-tools-for-stm32.13.3.rel1.win32_1.0.100.202509120712/tools/bin/../lib/gcc/arm-none-eabi/13.3.1/thumb/v6-m/nofp\libgcc.a(_dvmd_tls.o)
 .ARM.attributes
                0x00000577       0x1e C:/ST/STM32CubeIDE_2.0.0/STM32CubeIDE/plugins/com.st.stm32cube.ide.mcu.externaltools.gnu-tools-for-stm32.13.3.rel1.win32_1.0.100.202509120712/tools/bin/../lib/gcc/arm-none-eabi/13.3.1/thumb/v6-m/nofp/crtn.o
OUTPUT(MSDL_STM32F0_ROOF.elf elf32-littlearm)
LOAD linker stubs
LOAD C:/ST/STM32CubeIDE_2.0.0/STM32CubeIDE/plugins/com.st.stm32cube.ide.mcu.externaltools.gnu-tools-for-stm32.13.3.rel1.win32_1.0.100.202509120712/tools/bin/../lib/gcc/arm-none-eabi/13.3.1/../../../../arm-none-eabi/lib/thumb/v6-m/nofp\libc.a
LOAD C:/ST/STM32CubeIDE_2.0.0/STM32CubeIDE/plugins/com.st.stm32cube.ide.mcu.externaltools.gnu-tools-for-stm32.13.3.rel1.win32_1.0.100.202509120712/tools/bin/../lib/gcc/arm-none-eabi/13.3.1/../../../../arm-none-eabi/lib/thumb/v6-m/nofp\libm.a
LOAD C:/ST/STM32CubeIDE_2.0.0/STM32CubeIDE/plugins/com.st.stm32cube.ide.mcu.externaltools.gnu-tools-for-stm32.13.3.rel1.win32_1.0.100.202509120712/tools/bin/../lib/gcc/arm-none-eabi/13.3.1/thumb/v6-m/nofp\libgcc.a

.debug_info     0x00000000    0x11e1f
 .debug_info    0x00000000      0x757 ./Core/Src/can.o
 .debug_info    0x00000757      0x414 ./Core/Src/freertos.o
 .debug_info    0x00000b6b      0x347 ./Core/Src/gpio.o
 .debug_info    0x00000eb2      0x1d3 ./Core/Src/iwdg.o
 .debug_info    0x00001085      0x8dd ./Core/Src/main.o
 .debug_info    0x00001962      0x2a8 ./Core/Src/stm32f0xx_hal_msp.o
 .debug_info    0x00001c0a      0x991 ./Core/Src/stm32f0xx_hal_timebase_tim.o
 .debug_info    0x0000259b      0x64e ./Core/Src/stm32f0xx_it.o
 .debug_info    0x00002be9      0x242 ./Core/Src/system_stm32f0xx.o
 .debug_info    0x00002e2b      0x883 ./Core/Src/tim.o
 .debug_info    0x000036ae       0x30 ./Core/Startup/startup_stm32f091cctx.o
 .debug_info    0x000036de      0x6c3 ./Drivers/STM32F0xx_HAL_Driver/Src/stm32f0xx_hal.o
 .debug_info    0x00003da1      0xeb5 ./Drivers/STM32F0xx_HAL_Driver/Src/stm32f0xx_hal_can.o
 .debug_info    0x00004c56      0x6bf ./Drivers/STM32F0xx_HAL_Driver/Src/stm32f0xx_hal_cortex.o
 .debug_info    0x00005315      0x5e6 ./Drivers/STM32F0xx_HAL_Driver/Src/stm32f0xx_hal_gpio.o
 .debug_info    0x000058fb      0x1f7 ./Drivers/STM32F0xx_HAL_Driver/Src/stm32f0xx_hal_iwdg.o
 .debug_info    0x00005af2      0x83f ./Drivers/STM32F0xx_HAL_Driver/Src/stm32f0xx_hal_rcc.o
 .debug_info    0x00006331     0x297c ./Drivers/STM32F0xx_HAL_Driver/Src/stm32f0xx_hal_tim.o
 .debug_info    0x00008cad     0x14be ./Drivers/STM32F0xx_HAL_Driver/Src/stm32f0xx_hal_tim_ex.o
 .debug_info    0x0000a16b     0x32e6 ./Middlewares/Third_Party/FreeRTOS/Source/CMSIS_RTOS_V2/cmsis_os2.o
 .debug_info    0x0000d451      0x2aa ./Middlewares/Third_Party/FreeRTOS/Source/list.o
 .debug_info    0x0000d6fb     0x14a2 ./Middlewares/Third_Party/FreeRTOS/Source/queue.o
 .debug_info    0x0000eb9d     0x1b26 ./Middlewares/Third_Party/FreeRTOS/Source/tasks.o
 .debug_info    0x000106c3     0x11ca ./Middlewares/Third_Party/FreeRTOS/Source/timers.o
 .debug_info    0x0001188d      0x289 ./Middlewares/Third_Party/FreeRTOS/Source/portable/GCC/ARM_CM0/port.o
 .debug_info    0x00011b16      0x309 ./Middlewares/Third_Party/FreeRTOS/Source/portable/MemMang/heap_4.o

.debug_abbrev   0x00000000     0x32ab
 .debug_abbrev  0x00000000      0x202 ./Core/Src/can.o
 .debug_abbrev  0x00000202      0x12f ./Core/Src/freertos.o
 .debug_abbrev  0x00000331      0x152 ./Core/Src/gpio.o
 .debug_abbrev  0x00000483      0x139 ./Core/Src/iwdg.o
 .debug_abbrev  0x000005bc      0x22f ./Core/Src/main.o
 .debug_abbrev  0x000007eb      0x107 ./Core/Src/stm32f0xx_hal_msp.o
 .debug_abbrev  0x000008f2      0x20b ./Core/Src/stm32f0xx_hal_timebase_tim.o
 .debug_abbrev  0x00000afd      0x17d ./Core/Src/stm32f0xx_it.o
 .debug_abbrev  0x00000c7a      0x11c ./Core/Src/system_stm32f0xx.o
 .debug_abbrev  0x00000d96      0x1f0 ./Core/Src/tim.o
 .debug_abbrev  0x00000f86       0x24 ./Core/Startup/startup_stm32f091cctx.o
 .debug_abbrev  0x00000faa      0x213 ./Drivers/STM32F0xx_HAL_Driver/Src/stm32f0xx_hal.o
 .debug_abbrev  0x000011bd      0x1c3 ./Drivers/STM32F0xx_HAL_Driver/Src/stm32f0xx_hal_can.o
 .debug_abbrev  0x00001380      0x28c ./Drivers/STM32F0xx_HAL_Driver/Src/stm32f0xx_hal_cortex.o
 .debug_abbrev  0x0000160c      0x1da ./Drivers/STM32F0xx_HAL_Driver/Src/stm32f0xx_hal_gpio.o
 .debug_abbrev  0x000017e6      0x14d ./Drivers/STM32F0xx_HAL_Driver/Src/stm32f0xx_hal_iwdg.o
 .debug_abbrev  0x00001933      0x28c ./Drivers/STM32F0xx_HAL_Driver/Src/stm32f0xx_hal_rcc.o
 .debug_abbrev  0x00001bbf      0x278 ./Drivers/STM32F0xx_HAL_Driver/Src/stm32f0xx_hal_tim.o
 .debug_abbrev  0x00001e37      0x283 ./Drivers/STM32F0xx_HAL_Driver/Src/stm32f0xx_hal_tim_ex.o
 .debug_abbrev  0x000020ba      0x3ff ./Middlewares/Third_Party/FreeRTOS/Source/CMSIS_RTOS_V2/cmsis_os2.o
 .debug_abbrev  0x000024b9       0xf5 ./Middlewares/Third_Party/FreeRTOS/Source/list.o
 .debug_abbrev  0x000025ae      0x341 ./Middlewares/Third_Party/FreeRTOS/Source/queue.o
 .debug_abbrev  0x000028ef      0x329 ./Middlewares/Third_Party/FreeRTOS/Source/tasks.o
 .debug_abbrev  0x00002c18      0x308 ./Middlewares/Third_Party/FreeRTOS/Source/timers.o
 .debug_abbrev  0x00002f20      0x1ea ./Middlewares/Third_Party/FreeRTOS/Source/portable/GCC/ARM_CM0/port.o
 .debug_abbrev  0x0000310a      0x1a1 ./Middlewares/Third_Party/FreeRTOS/Source/portable/MemMang/heap_4.o

.debug_aranges  0x00000000     0x1250
 .debug_aranges
                0x00000000       0x30 ./Core/Src/can.o
 .debug_aranges
                0x00000030       0x38 ./Core/Src/freertos.o
 .debug_aranges
                0x00000068       0x20 ./Core/Src/gpio.o
 .debug_aranges
                0x00000088       0x20 ./Core/Src/iwdg.o
 .debug_aranges
                0x000000a8       0x38 ./Core/Src/main.o
 .debug_aranges
                0x000000e0       0x20 ./Core/Src/stm32f0xx_hal_msp.o
 .debug_aranges
                0x00000100       0x30 ./Core/Src/stm32f0xx_hal_timebase_tim.o
 .debug_aranges
                0x00000130       0x30 ./Core/Src/stm32f0xx_it.o
 .debug_aranges
                0x00000160       0x28 ./Core/Src/system_stm32f0xx.o
 .debug_aranges
                0x00000188       0x30 ./Core/Src/tim.o
 .debug_aranges
                0x000001b8       0x28 ./Core/Startup/startup_stm32f091cctx.o
 .debug_aranges
                0x000001e0       0xd0 ./Drivers/STM32F0xx_HAL_Driver/Src/stm32f0xx_hal.o
 .debug_aranges
                0x000002b0      0x138 ./Drivers/STM32F0xx_HAL_Driver/Src/stm32f0xx_hal_can.o
 .debug_aranges
                0x000003e8       0xc0 ./Drivers/STM32F0xx_HAL_Driver/Src/stm32f0xx_hal_cortex.o
 .debug_aranges
                0x000004a8       0x58 ./Drivers/STM32F0xx_HAL_Driver/Src/stm32f0xx_hal_gpio.o
 .debug_aranges
                0x00000500       0x28 ./Drivers/STM32F0xx_HAL_Driver/Src/stm32f0xx_hal_iwdg.o
 .debug_aranges
                0x00000528       0x80 ./Drivers/STM32F0xx_HAL_Driver/Src/stm32f0xx_hal_rcc.o
 .debug_aranges
                0x000005a8      0x3d0 ./Drivers/STM32F0xx_HAL_Driver/Src/stm32f0xx_hal_tim.o
 .debug_aranges
                0x00000978      0x168 ./Drivers/STM32F0xx_HAL_Driver/Src/stm32f0xx_hal_tim_ex.o
 .debug_aranges
                0x00000ae0      0x228 ./Middlewares/Third_Party/FreeRTOS/Source/CMSIS_RTOS_V2/cmsis_os2.o
 .debug_aranges
                0x00000d08       0x40 ./Middlewares/Third_Party/FreeRTOS/Source/list.o
 .debug_aranges
                0x00000d48      0x158 ./Middlewares/Third_Party/FreeRTOS/Source/queue.o
 .debug_aranges
                0x00000ea0      0x1f8 ./Middlewares/Third_Party/FreeRTOS/Source/tasks.o
 .debug_aranges
                0x00001098       0xe0 ./Middlewares/Third_Party/FreeRTOS/Source/timers.o
 .debug_aranges
                0x00001178       0x88 ./Middlewares/Third_Party/FreeRTOS/Source/portable/GCC/ARM_CM0/port.o
 .debug_aranges
                0x00001200       0x50 ./Middlewares/Third_Party/FreeRTOS/Source/portable/MemMang/heap_4.o

.debug_rnglists
                0x00000000      0xe02
 .debug_rnglists
                0x00000000       0x20 ./Core/Src/can.o
 .debug_rnglists
                0x00000020       0x25 ./Core/Src/freertos.o
 .debug_rnglists
                0x00000045       0x14 ./Core/Src/gpio.o
 .debug_rnglists
                0x00000059       0x13 ./Core/Src/iwdg.o
 .debug_rnglists
                0x0000006c       0x26 ./Core/Src/main.o
 .debug_rnglists
                0x00000092       0x13 ./Core/Src/stm32f0xx_hal_msp.o
 .debug_rnglists
                0x000000a5       0x20 ./Core/Src/stm32f0xx_hal_timebase_tim.o
 .debug_rnglists
                0x000000c5       0x1f ./Core/Src/stm32f0xx_it.o
 .debug_rnglists
                0x000000e4       0x1a ./Core/Src/system_stm32f0xx.o
 .debug_rnglists
                0x000000fe       0x20 ./Core/Src/tim.o
 .debug_rnglists
                0x0000011e       0x19 ./Core/Startup/startup_stm32f091cctx.o
 .debug_rnglists
                0x00000137       0x97 ./Drivers/STM32F0xx_HAL_Driver/Src/stm32f0xx_hal.o
 .debug_rnglists
                0x000001ce       0xee ./Drivers/STM32F0xx_HAL_Driver/Src/stm32f0xx_hal_can.o
 .debug_rnglists
                0x000002bc       0x8c ./Drivers/STM32F0xx_HAL_Driver/Src/stm32f0xx_hal_cortex.o
 .debug_rnglists
                0x00000348       0x3f ./Drivers/STM32F0xx_HAL_Driver/Src/stm32f0xx_hal_gpio.o
 .debug_rnglists
                0x00000387       0x1a ./Drivers/STM32F0xx_HAL_Driver/Src/stm32f0xx_hal_iwdg.o
 .debug_rnglists
                0x000003a1       0x61 ./Drivers/STM32F0xx_HAL_Driver/Src/stm32f0xx_hal_rcc.o
 .debug_rnglists
                0x00000402      0x31c ./Drivers/STM32F0xx_HAL_Driver/Src/stm32f0xx_hal_tim.o
 .debug_rnglists
                0x0000071e      0x126 ./Drivers/STM32F0xx_HAL_Driver/Src/stm32f0xx_hal_tim_ex.o
 .debug_rnglists
                0x00000844      0x1b0 ./Middlewares/Third_Party/FreeRTOS/Source/CMSIS_RTOS_V2/cmsis_os2.o
 .debug_rnglists
                0x000009f4       0x2b ./Middlewares/Third_Party/FreeRTOS/Source/list.o
 .debug_rnglists
                0x00000a1f      0x109 ./Middlewares/Third_Party/FreeRTOS/Source/queue.o
 .debug_rnglists
                0x00000b28      0x194 ./Middlewares/Third_Party/FreeRTOS/Source/tasks.o
 .debug_rnglists
                0x00000cbc       0xaa ./Middlewares/Third_Party/FreeRTOS/Source/timers.o
 .debug_rnglists
                0x00000d66       0x61 ./Middlewares/Third_Party/FreeRTOS/Source/portable/GCC/ARM_CM0/port.o
 .debug_rnglists
                0x00000dc7       0x3b ./Middlewares/Third_Party/FreeRTOS/Source/portable/MemMang/heap_4.o

.debug_macro    0x00000000     0x3471
 .debug_macro   0x00000000      0x1db ./Core/Src/can.o
 .debug_macro   0x000001db      0x25b ./Core/Src/freertos.o
 .debug_macro   0x00000436       0xb5 ./Core/Src/freertos.o
 .debug_macro   0x000004eb       0x8c ./Core/Src/freertos.o
 .debug_macro   0x00000577       0x5b ./Core/Src/freertos.o
 .debug_macro   0x000005d2       0x74 ./Core/Src/freertos.o
 .debug_macro   0x00000646       0xdd ./Core/Src/freertos.o
 .debug_macro   0x00000723      0x1db ./Core/Src/gpio.o
 .debug_macro   0x000008fe      0x1db ./Core/Src/iwdg.o
 .debug_macro   0x00000ad9      0x270 ./Core/Src/main.o
 .debug_macro   0x00000d49      0x1d1 ./Core/Src/stm32f0xx_hal_msp.o
 .debug_macro   0x00000f1a      0x1c2 ./Core/Src/stm32f0xx_hal_timebase_tim.o
 .debug_macro   0x000010dc      0x1db ./Core/Src/stm32f0xx_it.o
 .debug_macro   0x000012b7      0x1c2 ./Core/Src/system_stm32f0xx.o
 .debug_macro   0x00001479      0x1db ./Core/Src/tim.o
 .debug_macro   0x00001654      0x1e6 ./Drivers/STM32F0xx_HAL_Driver/Src/stm32f0xx_hal.o
 .debug_macro   0x0000183a      0x1d1 ./Drivers/STM32F0xx_HAL_Driver/Src/stm32f0xx_hal_can.o
 .debug_macro   0x00001a0b      0x1c2 ./Drivers/STM32F0xx_HAL_Driver/Src/stm32f0xx_hal_cortex.o
 .debug_macro   0x00001bcd      0x1c9 ./Drivers/STM32F0xx_HAL_Driver/Src/stm32f0xx_hal_gpio.o
 .debug_macro   0x00001d96      0x1d0 ./Drivers/STM32F0xx_HAL_Driver/Src/stm32f0xx_hal_iwdg.o
 .debug_macro   0x00001f66      0x1d4 ./Drivers/STM32F0xx_HAL_Driver/Src/stm32f0xx_hal_rcc.o
 .debug_macro   0x0000213a      0x1c3 ./Drivers/STM32F0xx_HAL_Driver/Src/stm32f0xx_hal_tim.o
 .debug_macro   0x000022fd      0x1c2 ./Drivers/STM32F0xx_HAL_Driver/Src/stm32f0xx_hal_tim_ex.o
 .debug_macro   0x000024bf      0x247 ./Middlewares/Third_Party/FreeRTOS/Source/CMSIS_RTOS_V2/cmsis_os2.o
 .debug_macro   0x00002706       0x10 ./Middlewares/Third_Party/FreeRTOS/Source/CMSIS_RTOS_V2/cmsis_os2.o
 .debug_macro   0x00002716       0xa9 ./Middlewares/Third_Party/FreeRTOS/Source/CMSIS_RTOS_V2/cmsis_os2.o
 .debug_macro   0x000027bf       0x91 ./Middlewares/Third_Party/FreeRTOS/Source/CMSIS_RTOS_V2/cmsis_os2.o
 .debug_macro   0x00002850       0x8d ./Middlewares/Third_Party/FreeRTOS/Source/CMSIS_RTOS_V2/cmsis_os2.o
 .debug_macro   0x000028dd       0x9a ./Middlewares/Third_Party/FreeRTOS/Source/CMSIS_RTOS_V2/cmsis_os2.o
 .debug_macro   0x00002977      0x187 ./Middlewares/Third_Party/FreeRTOS/Source/list.o
 .debug_macro   0x00002afe      0x212 ./Middlewares/Third_Party/FreeRTOS/Source/queue.o
 .debug_macro   0x00002d10       0x16 ./Middlewares/Third_Party/FreeRTOS/Source/queue.o
 .debug_macro   0x00002d26      0x287 ./Middlewares/Third_Party/FreeRTOS/Source/tasks.o
 .debug_macro   0x00002fad       0x10 ./Middlewares/Third_Party/FreeRTOS/Source/tasks.o
 .debug_macro   0x00002fbd      0x1ca ./Middlewares/Third_Party/FreeRTOS/Source/timers.o
 .debug_macro   0x00003187      0x13c ./Middlewares/Third_Party/FreeRTOS/Source/portable/GCC/ARM_CM0/port.o
 .debug_macro   0x000032c3      0x1ae ./Middlewares/Third_Party/FreeRTOS/Source/portable/MemMang/heap_4.o

.debug_line     0x00000000    0x15f07
 .debug_line    0x00000000      0x7d4 ./Core/Src/can.o
 .debug_line    0x000007d4      0x91b ./Core/Src/freertos.o
 .debug_line    0x000010ef      0x7a2 ./Core/Src/gpio.o
 .debug_line    0x00001891      0x774 ./Core/Src/iwdg.o
 .debug_line    0x00002005      0x95a ./Core/Src/main.o
 .debug_line    0x0000295f      0x763 ./Core/Src/stm32f0xx_hal_msp.o
 .debug_line    0x000030c2      0x7e0 ./Core/Src/stm32f0xx_hal_timebase_tim.o
 .debug_line    0x000038a2      0x799 ./Core/Src/stm32f0xx_it.o
 .debug_line    0x0000403b      0x7ea ./Core/Src/system_stm32f0xx.o
 .debug_line    0x00004825      0x7d9 ./Core/Src/tim.o
 .debug_line    0x00004ffe       0x7b ./Core/Startup/startup_stm32f091cctx.o
 .debug_line    0x00005079      0x9e1 ./Drivers/STM32F0xx_HAL_Driver/Src/stm32f0xx_hal.o
 .debug_line    0x00005a5a     0x11ee ./Drivers/STM32F0xx_HAL_Driver/Src/stm32f0xx_hal_can.o
 .debug_line    0x00006c48      0xa89 ./Drivers/STM32F0xx_HAL_Driver/Src/stm32f0xx_hal_cortex.o
 .debug_line    0x000076d1      0xb5b ./Drivers/STM32F0xx_HAL_Driver/Src/stm32f0xx_hal_gpio.o
 .debug_line    0x0000822c      0x7f6 ./Drivers/STM32F0xx_HAL_Driver/Src/stm32f0xx_hal_iwdg.o
 .debug_line    0x00008a22      0xf26 ./Drivers/STM32F0xx_HAL_Driver/Src/stm32f0xx_hal_rcc.o
 .debug_line    0x00009948     0x378c ./Drivers/STM32F0xx_HAL_Driver/Src/stm32f0xx_hal_tim.o
 .debug_line    0x0000d0d4     0x18e8 ./Drivers/STM32F0xx_HAL_Driver/Src/stm32f0xx_hal_tim_ex.o
 .debug_line    0x0000e9bc     0x22ac ./Middlewares/Third_Party/FreeRTOS/Source/CMSIS_RTOS_V2/cmsis_os2.o
 .debug_line    0x00010c68      0x790 ./Middlewares/Third_Party/FreeRTOS/Source/list.o
 .debug_line    0x000113f8     0x14ad ./Middlewares/Third_Party/FreeRTOS/Source/queue.o
 .debug_line    0x000128a5     0x1a02 ./Middlewares/Third_Party/FreeRTOS/Source/tasks.o
 .debug_line    0x000142a7      0xc45 ./Middlewares/Third_Party/FreeRTOS/Source/timers.o
 .debug_line    0x00014eec      0x707 ./Middlewares/Third_Party/FreeRTOS/Source/portable/GCC/ARM_CM0/port.o
 .debug_line    0x000155f3      0x914 ./Middlewares/Third_Party/FreeRTOS/Source/portable/MemMang/heap_4.o

.debug_str      0x00000000    0xafe27
 .debug_str     0x00000000    0xafe27 ./Core/Src/can.o
                              0xa07eb (size before relaxing)
 .debug_str     0x000afe27        0x0 ./Core/Src/freertos.o
                              0xa4c07 (size before relaxing)
 .debug_str     0x000afe27        0x0 ./Core/Src/gpio.o
                              0xa0503 (size before relaxing)
 .debug_str     0x000afe27        0x0 ./Core/Src/iwdg.o
                              0xa0494 (size before relaxing)
 .debug_str     0x000afe27        0x0 ./Core/Src/main.o
                              0xa40b6 (size before relaxing)
 .debug_str     0x000afe27        0x0 ./Core/Src/stm32f0xx_hal_msp.o
                              0xa0637 (size before relaxing)
 .debug_str     0x000afe27        0x0 ./Core/Src/stm32f0xx_hal_timebase_tim.o
                              0xa0783 (size before relaxing)
 .debug_str     0x000afe27        0x0 ./Core/Src/stm32f0xx_it.o
                              0xa08f9 (size before relaxing)
 .debug_str     0x000afe27        0x0 ./Core/Src/system_stm32f0xx.o
                              0x9ffb6 (size before relaxing)
 .debug_str     0x000afe27        0x0 ./Core/Src/tim.o
                              0xa0a7c (size before relaxing)
 .debug_str     0x000afe27        0x0 ./Core/Startup/startup_stm32f091cctx.o
                                 0x88 (size before relaxing)
 .debug_str     0x000afe27        0x0 ./Drivers/STM32F0xx_HAL_Driver/Src/stm32f0xx_hal.o
                              0xa05a6 (size before relaxing)
 .debug_str     0x000afe27        0x0 ./Drivers/STM32F0xx_HAL_Driver/Src/stm32f0xx_hal_can.o
                              0xa078f (size before relaxing)
 .debug_str     0x000afe27        0x0 ./Drivers/STM32F0xx_HAL_Driver/Src/stm32f0xx_hal_cortex.o
                              0xa0397 (size before relaxing)
 .debug_str     0x000afe27        0x0 ./Drivers/STM32F0xx_HAL_Driver/Src/stm32f0xx_hal_gpio.o
                              0xa016c (size before relaxing)
 .debug_str     0x000afe27        0x0 ./Drivers/STM32F0xx_HAL_Driver/Src/stm32f0xx_hal_iwdg.o
                              0xa0077 (size before relaxing)
 .debug_str     0x000afe27        0x0 ./Drivers/STM32F0xx_HAL_Driver/Src/stm32f0xx_hal_rcc.o
                              0xa03fd (size before relaxing)
 .debug_str     0x000afe27        0x0 ./Drivers/STM32F0xx_HAL_Driver/Src/stm32f0xx_hal_tim.o
                              0xa13dc (size before relaxing)
 .debug_str     0x000afe27        0x0 ./Drivers/STM32F0xx_HAL_Driver/Src/stm32f0xx_hal_tim_ex.o
                              0xa0be8 (size before relaxing)
 .debug_str     0x000afe27        0x0 ./Middlewares/Third_Party/FreeRTOS/Source/CMSIS_RTOS_V2/cmsis_os2.o
                               0xe329 (size before relaxing)
 .debug_str     0x000afe27        0x0 ./Middlewares/Third_Party/FreeRTOS/Source/list.o
                               0xa58b (size before relaxing)
 .debug_str     0x000afe27        0x0 ./Middlewares/Third_Party/FreeRTOS/Source/queue.o
                               0xbf43 (size before relaxing)
 .debug_str     0x000afe27        0x0 ./Middlewares/Third_Party/FreeRTOS/Source/tasks.o
                               0xcaa7 (size before relaxing)
 .debug_str     0x000afe27        0x0 ./Middlewares/Third_Party/FreeRTOS/Source/timers.o
                               0xc446 (size before relaxing)
 .debug_str     0x000afe27        0x0 ./Middlewares/Third_Party/FreeRTOS/Source/portable/GCC/ARM_CM0/port.o
                               0x7ca7 (size before relaxing)
 .debug_str     0x000afe27        0x0 ./Middlewares/Third_Party/FreeRTOS/Source/portable/MemMang/heap_4.o
                               0xaca5 (size before relaxing)

.comment        0x00000000       0x43
 .comment       0x00000000       0x43 ./Core/Src/can.o
                                 0x44 (size before relaxing)
 .comment       0x00000043        0x0 ./Core/Src/freertos.o
                                 0x44 (size before relaxing)
 .comment       0x00000043        0x0 ./Core/Src/gpio.o
                                 0x44 (size before relaxing)
 .comment       0x00000043        0x0 ./Core/Src/iwdg.o
                                 0x44 (size before relaxing)
 .comment       0x00000043        0x0 ./Core/Src/main.o
                                 0x44 (size before relaxing)
 .comment       0x00000043        0x0 ./Core/Src/stm32f0xx_hal_msp.o
                                 0x44 (size before relaxing)
 .comment       0x00000043        0x0 ./Core/Src/stm32f0xx_hal_timebase_tim.o
                                 0x44 (size before relaxing)
 .comment       0x00000043        0x0 ./Core/Src/stm32f0xx_it.o
                                 0x44 (size before relaxing)
 .comment       0x00000043        0x0 ./Core/Src/system_stm32f0xx.o
                                 0x44 (size before relaxing)
 .comment       0x00000043        0x0 ./Core/Src/tim.o
                                 0x44 (size before relaxing)
 .comment       0x00000043        0x0 ./Drivers/STM32F0xx_HAL_Driver/Src/stm32f0xx_hal.o
                                 0x44 (size before relaxing)
 .comment       0x00000043        0x0 ./Drivers/STM32F0xx_HAL_Driver/Src/stm32f0xx_hal_can.o
                                 0x44 (size before relaxing)
 .comment       0x00000043        0x0 ./Drivers/STM32F0xx_HAL_Driver/Src/stm32f0xx_hal_cortex.o
                                 0x44 (size before relaxing)
 .comment       0x00000043        0x0 ./Drivers/STM32F0xx_HAL_Driver/Src/stm32f0xx_hal_gpio.o
                                 0x44 (size before relaxing)
 .comment       0x00000043        0x0 ./Drivers/STM32F0xx_HAL_Driver/Src/stm32f0xx_hal_iwdg.o
                                 0x44 (size before relaxing)
 .comment       0x00000043        0x0 ./Drivers/STM32F0xx_HAL_Driver/Src/stm32f0xx_hal_rcc.o
                                 0x44 (size before relaxing)
 .comment       0x00000043        0x0 ./Drivers/STM32F0xx_HAL_Driver/Src/stm32f0xx_hal_tim.o
                                 0x44 (size before relaxing)
 .comment       0x00000043        0x0 ./Drivers/STM32F0xx_HAL_Driver/Src/stm32f0xx_hal_tim_ex.o
                                 0x44 (size before relaxing)
 .comment       0x00000043        0x0 ./Middlewares/Third_Party/FreeRTOS/Source/CMSIS_RTOS_V2/cmsis_os2.o
                                 0x44 (size before relaxing)
 .comment       0x00000043        0x0 ./Middlewares/Third_Party/FreeRTOS/Source/list.o
                                 0x44 (size before relaxing)
 .comment       0x00000043        0x0 ./Middlewares/Third_Party/FreeRTOS/Source/queue.o
                                 0x44 (size before relaxing)
 .comment       0x00000043        0x0 ./Middlewares/Third_Party/FreeRTOS/Source/tasks.o
                                 0x44 (size before relaxing)
 .comment       0x00000043        0x0 ./Middlewares/Third_Party/FreeRTOS/Source/timers.o
                                 0x44 (size before relaxing)
 .comment       0x00000043        0x0 ./Middlewares/Third_Party/FreeRTOS/Source/portable/GCC/ARM_CM0/port.o
                                 0x44 (size before relaxing)
 .comment       0x00000043        0x0 ./Middlewares/Third_Party/FreeRTOS/Source/portable/MemMang/heap_4.o
                                 0x44 (size before relaxing)

.debug_frame    0x00000000     0x4064
 .debug_frame   0x00000000       0x6c ./Core/Src/can.o
 .debug_frame   0x0000006c       0x8c ./Core/Src/freertos.o
 .debug_frame   0x000000f8       0x30 ./Core/Src/gpio.o
 .debug_frame   0x00000128       0x2c ./Core/Src/iwdg.o
 .debug_frame   0x00000154       0x88 ./Core/Src/main.o
 .debug_frame   0x000001dc       0x30 ./Core/Src/stm32f0xx_hal_msp.o
 .debug_frame   0x0000020c       0x6c ./Core/Src/stm32f0xx_hal_timebase_tim.o
 .debug_frame   0x00000278       0x64 ./Core/Src/stm32f0xx_it.o
 .debug_frame   0x000002dc       0x4c ./Core/Src/system_stm32f0xx.o
 .debug_frame   0x00000328       0x70 ./Core/Src/tim.o
 .debug_frame   0x00000398      0x2a4 ./Drivers/STM32F0xx_HAL_Driver/Src/stm32f0xx_hal.o
 .debug_frame   0x0000063c      0x490 ./Drivers/STM32F0xx_HAL_Driver/Src/stm32f0xx_hal_can.o
 .debug_frame   0x00000acc      0x2a0 ./Drivers/STM32F0xx_HAL_Driver/Src/stm32f0xx_hal_cortex.o
 .debug_frame   0x00000d6c      0x110 ./Drivers/STM32F0xx_HAL_Driver/Src/stm32f0xx_hal_gpio.o
 .debug_frame   0x00000e7c       0x50 ./Drivers/STM32F0xx_HAL_Driver/Src/stm32f0xx_hal_iwdg.o
 .debug_frame   0x00000ecc      0x198 ./Drivers/STM32F0xx_HAL_Driver/Src/stm32f0xx_hal_rcc.o
 .debug_frame   0x00001064      0xf00 ./Drivers/STM32F0xx_HAL_Driver/Src/stm32f0xx_hal_tim.o
 .debug_frame   0x00001f64      0x560 ./Drivers/STM32F0xx_HAL_Driver/Src/stm32f0xx_hal_tim_ex.o
 .debug_frame   0x000024c4      0x84c ./Middlewares/Third_Party/FreeRTOS/Source/CMSIS_RTOS_V2/cmsis_os2.o
 .debug_frame   0x00002d10       0xb0 ./Middlewares/Third_Party/FreeRTOS/Source/list.o
 .debug_frame   0x00002dc0      0x510 ./Middlewares/Third_Party/FreeRTOS/Source/queue.o
 .debug_frame   0x000032d0      0x77c ./Middlewares/Third_Party/FreeRTOS/Source/tasks.o
 .debug_frame   0x00003a4c      0x32c ./Middlewares/Third_Party/FreeRTOS/Source/timers.o
 .debug_frame   0x00003d78      0x174 ./Middlewares/Third_Party/FreeRTOS/Source/portable/GCC/ARM_CM0/port.o
 .debug_frame   0x00003eec       0xe4 ./Middlewares/Third_Party/FreeRTOS/Source/portable/MemMang/heap_4.o
 .debug_frame   0x00003fd0       0x20 C:/ST/STM32CubeIDE_2.0.0/STM32CubeIDE/plugins/com.st.stm32cube.ide.mcu.externaltools.gnu-tools-for-stm32.13.3.rel1.win32_1.0.100.202509120712/tools/bin/../lib/gcc/arm-none-eabi/13.3.1/../../../../arm-none-eabi/lib/thumb/v6-m/nofp\libc_nano.a(libc_a-memset.o)
 .debug_frame   0x00003ff0       0x2c C:/ST/STM32CubeIDE_2.0.0/STM32CubeIDE/plugins/com.st.stm32cube.ide.mcu.externaltools.gnu-tools-for-stm32.13.3.rel1.win32_1.0.100.202509120712/tools/bin/../lib/gcc/arm-none-eabi/13.3.1/../../../../arm-none-eabi/lib/thumb/v6-m/nofp\libc_nano.a(libc_a-init.o)
 .debug_frame   0x0000401c       0x28 C:/ST/STM32CubeIDE_2.0.0/STM32CubeIDE/plugins/com.st.stm32cube.ide.mcu.externaltools.gnu-tools-for-stm32.13.3.rel1.win32_1.0.100.202509120712/tools/bin/../lib/gcc/arm-none-eabi/13.3.1/../../../../arm-none-eabi/lib/thumb/v6-m/nofp\libc_nano.a(libc_a-memcpy-stub.o)
 .debug_frame   0x00004044       0x20 C:/ST/STM32CubeIDE_2.0.0/STM32CubeIDE/plugins/com.st.stm32cube.ide.mcu.externaltools.gnu-tools-for-stm32.13.3.rel1.win32_1.0.100.202509120712/tools/bin/../lib/gcc/arm-none-eabi/13.3.1/thumb/v6-m/nofp\libgcc.a(_udivsi3.o)

.debug_line_str
                0x00000000       0x6c
 .debug_line_str
                0x00000000       0x6c ./Core/Startup/startup_stm32f091cctx.o
